2026-09-30 18:25:17 [INFO] --- 增量同步完成，pageToken 已更新 ---
2026-09-30 18:25:22 [INFO] [GitHub] sync logs pushed to https://github.com/cruz6739/GDriveSync-log
2026-09-30 18:25:26 [INFO] [GitHub] sync logs pushed to https://github.com/cruz6739/GDriveSync-log
2026-09-30 18:25:26 [INFO] ====== GDriveSync 結束 ======

2026-09-30 18:35:02 [INFO] ====== GDriveSync 啟動 ======
2026-09-30 18:35:02 [INFO] 資料庫初始化完成
2026-09-30 18:35:02 [INFO] file_cache is only supported with oauth2client<4.0.0
2026-09-30 18:35:02 [INFO] [NAS] 連線正常：\\192.168.120.31\RawDataAI\YP\YPjob
2026-09-30 18:35:02 [INFO] --- 開始增量同步 ---
2026-09-30 18:35:15 [INFO] --- 增量同步完成，pageToken 已更新 ---
2026-09-30 18:35:19 [INFO] [GitHub] sync logs pushed to https://github.com/cruz6739/GDriveSync-log
2026-09-30 18:35:23 [INFO] [GitHub] sync logs pushed to https://github.com/cruz6739/GDriveSync-log
2026-09-30 18:35:23 [INFO] ====== GDriveSync 結束 ======

2026-09-30 18:45:02 [INFO] ====== GDriveSync 啟動 ======
2026-09-30 18:45:02 [INFO] 資料庫初始化完成
2026-09-30 18:45:02 [INFO] file_cache is only supported with oauth2client<4.0.0
2026-09-30 18:45:02 [INFO] [NAS] 連線正常：\\192.168.120.31\RawDataAI\YP\YPjob
2026-09-30 18:45:02 [INFO] --- 開始增量同步 ---
2026-09-30 18:45:16 [INFO] --- 增量同步完成，pageToken 已更新 ---
2026-09-30 18:45:20 [INFO] [GitHub] sync logs pushed to https://github.com/cruz6739/GDriveSync-log
2026-09-30 18:45:23 [INFO] [GitHub] sync logs pushed to https://github.com/cruz6739/GDriveSync-log
2026-09-30 18:45:23 [INFO] ====== GDriveSync 結束 ======

2026-09-30 18:55:02 [INFO] ====== GDriveSync 啟動 ======
2026-09-30 18:55:02 [INFO] 資料庫初始化完成
2026-09-30 18:55:02 [INFO] file_cache is only supported with oauth2client<4.0.0
2026-09-30 18:55:02 [INFO] [NAS] 連線正常：\\192.168.120.31\RawDataAI\YP\YPjob
2026-09-30 18:55:02 [INFO] --- 開始增量同步 ---
2026-09-30 18:55:16 [INFO] --- 增量同步完成，pageToken 已更新 ---
2026-09-30 18:55:20 [INFO] [GitHub] sync logs pushed to https://github.com/cruz6739/GDriveSync-log
2026-09-30 18:55:24 [INFO] [GitHub] sync logs pushed to https://github.com/cruz6739/GDriveSync-log
2026-09-30 18:55:24 [INFO] ====== GDriveSync 結束 ======

2026-09-30 19:05:02 [INFO] ====== GDriveSync 啟動 ======
2026-09-30 19:05:02 [INFO] 資料庫初始化完成
2026-09-30 19:05:02 [INFO] Token refresh 成功
2026-09-30 19:05:02 [INFO] file_cache is only supported with oauth2client<4.0.0
2026-09-30 19:05:02 [INFO] [NAS] 連線正常：\\192.168.120.31\RawDataAI\YP\YPjob
2026-09-30 19:05:02 [INFO] --- 開始增量同步 ---
2026-09-30 19:05:15 [INFO] --- 增量同步完成，pageToken 已更新 ---
2026-09-30 19:05:19 [INFO] [GitHub] sync logs pushed to https://github.com/cruz6739/GDriveSync-log
2026-09-30 19:05:23 [INFO] [GitHub] sync logs pushed to https://github.com/cruz6739/GDriveSync-log
2026-09-30 19:05:23 [INFO] ====== GDriveSync 結束 ======

2026-09-30 19:15:02 [INFO] ====== GDriveSync 啟動 ======
2026-09-30 19:15:02 [INFO] 資料庫初始化完成
2026-09-30 19:15:02 [INFO] file_cache is only supported with oauth2client<4.0.0
2026-09-30 19:15:02 [INFO] [NAS] 連線正常：\\192.168.120.31\RawDataAI\YP\YPjob
2026-09-30 19:15:02 [INFO] --- 開始增量同步 ---
2026-09-30 19:15:15 [INFO] --- 增量同步完成，pageToken 已更新 ---
2026-09-30 19:15:19 [INFO] [GitHub] sync logs pushed to https://github.com/cruz6739/GDriveSync-log
2026-09-30 19:15:23 [INFO] [GitHub] sync logs pushed to https://github.com/cruz6739/GDriveSync-log
2026-09-30 19:15:23 [INFO] ====== GDriveSync 結束 ======

2026-09-30 19:25:02 [INFO] ====== GDriveSync 啟動 ======
2026-09-30 19:25:02 [INFO] 資料庫初始化完成
2026-09-30 19:25:02 [INFO] file_cache is only supported with oauth2client<4.0.0
2026-09-30 19:25:02 [INFO] [NAS] 連線正常：\\192.168.120.31\RawDataAI\YP\YPjob
2026-09-30 19:25:02 [INFO] --- 開始增量同步 ---
2026-09-30 19:25:16 [INFO] --- 增量同步完成，pageToken 已更新 ---
2026-09-30 19:25:20 [INFO] [GitHub] sync logs pushed to https://github.com/cruz6739/GDriveSync-log
2026-09-30 19:25:24 [INFO] [GitHub] sync logs pushed to https://github.com/cruz6739/GDriveSync-log
2026-09-30 19:25:24 [INFO] ====== GDriveSync 結束 ======

2026-09-30 19:35:02 [INFO] ====== GDriveSync 啟動 ======
2026-09-30 19:35:02 [INFO] 資料庫初始化完成
2026-09-30 19:35:02 [INFO] file_cache is only supported with oauth2client<4.0.0
2026-09-30 19:35:02 [INFO] [NAS] 連線正常：\\192.168.120.31\RawDataAI\YP\YPjob
2026-09-30 19:35:02 [INFO] --- 開始增量同步 ---
2026-09-30 19:35:16 [INFO] --- 增量同步完成，pageToken 已更新 ---
2026-09-30 19:35:20 [INFO] [GitHub] sync logs pushed to https://github.com/cruz6739/GDriveSync-log
2026-09-30 19:35:24 [INFO] [GitHub] sync logs pushed to https://github.com/cruz6739/GDriveSync-log
2026-09-30 19:35:24 [INFO] ====== GDriveSync 結束 ======

2026-09-30 19:45:02 [INFO] ====== GDriveSync 啟動 ======
2026-09-30 19:45:02 [INFO] 資料庫初始化完成
2026-09-30 19:45:02 [INFO] file_cache is only supported with oauth2client<4.0.0
2026-09-30 19:45:02 [INFO] [NAS] 連線正常：\\192.168.120.31\RawDataAI\YP\YPjob
2026-09-30 19:45:02 [INFO] --- 開始增量同步 ---
2026-09-30 19:45:15 [INFO] --- 增量同步完成，pageToken 已更新 ---
2026-09-30 19:45:19 [INFO] [GitHub] sync logs pushed to https://github.com/cruz6739/GDriveSync-log
2026-09-30 19:45:24 [INFO] [GitHub] sync logs pushed to https://github.com/cruz6739/GDriveSync-log
2026-09-30 19:45:24 [INFO] ====== GDriveSync 結束 ======

2026-09-30 19:55:02 [INFO] ====== GDriveSync 啟動 ======
2026-09-30 19:55:02 [INFO] 資料庫初始化完成
2026-09-30 19:55:02 [INFO] file_cache is only supported with oauth2client<4.0.0
2026-09-30 19:55:02 [INFO] [NAS] 連線正常：\\192.168.120.31\RawDataAI\YP\YPjob
2026-09-30 19:55:02 [INFO] --- 開始增量同步 ---
2026-09-30 19:55:16 [INFO] --- 增量同步完成，pageToken 已更新 ---
2026-09-30 19:55:21 [INFO] [GitHub] sync logs pushed to https://github.com/cruz6739/GDriveSync-log
2026-09-30 19:55:25 [INFO] [GitHub] sync logs pushed to https://github.com/cruz6739/GDriveSync-log
2026-09-30 19:55:25 [INFO] ====== GDriveSync 結束 ======

2026-09-30 20:05:02 [INFO] ====== GDriveSync 啟動 ======
2026-09-30 20:05:02 [INFO] 資料庫初始化完成
2026-09-30 20:05:02 [INFO] Token refresh 成功
2026-09-30 20:05:02 [INFO] file_cache is only supported with oauth2client<4.0.0
2026-09-30 20:05:02 [INFO] [NAS] 連線正常：\\192.168.120.31\RawDataAI\YP\YPjob
2026-09-30 20:05:02 [INFO] --- 開始增量同步 ---
2026-09-30 20:05:16 [INFO] --- 增量同步完成，pageToken 已更新 ---
2026-09-30 20:05:20 [INFO] [GitHub] sync logs pushed to https://github.com/cruz6739/GDriveSync-log
2026-09-30 20:05:24 [INFO] [GitHub] sync logs pushed to https://github.com/cruz6739/GDriveSync-log
2026-09-30 20:05:24 [INFO] ====== GDriveSync 結束 ======

2026-09-30 20:15:02 [INFO] ====== GDriveSync 啟動 ======
2026-09-30 20:15:02 [INFO] 資料庫初始化完成
2026-09-30 20:15:02 [INFO] file_cache is only supported with oauth2client<4.0.0
2026-09-30 20:15:02 [INFO] [NAS] 連線正常：\\192.168.120.31\RawDataAI\YP\YPjob
2026-09-30 20:15:02 [INFO] --- 開始增量同步 ---
2026-09-30 20:15:16 [INFO] --- 增量同步完成，pageToken 已更新 ---
2026-09-30 20:15:20 [INFO] [GitHub] sync logs pushed to https://github.com/cruz6739/GDriveSync-log
2026-09-30 20:15:24 [INFO] [GitHub] sync logs pushed to https://github.com/cruz6739/GDriveSync-log
2026-09-30 20:15:24 [INFO] ====== GDriveSync 結束 ======

2026-09-30 20:25:02 [INFO] ====== GDriveSync 啟動 ======
2026-09-30 20:25:02 [INFO] 資料庫初始化完成
2026-09-30 20:25:02 [INFO] file_cache is only supported with oauth2client<4.0.0
2026-09-30 20:25:02 [INFO] [NAS] 連線正常：\\192.168.120.31\RawDataAI\YP\YPjob
2026-09-30 20:25:02 [INFO] --- 開始增量同步 ---
2026-09-30 20:25:16 [INFO] --- 增量同步完成，pageToken 已更新 ---
2026-09-30 20:25:20 [INFO] [GitHub] sync logs pushed to https://github.com/cruz6739/GDriveSync-log
2026-09-30 20:25:24 [INFO] [GitHub] sync logs pushed to https://github.com/cruz6739/GDriveSync-log
2026-09-30 20:25:24 [INFO] ====== GDriveSync 結束 ======

2026-09-30 20:35:02 [INFO] ====== GDriveSync 啟動 ======
2026-09-30 20:35:02 [INFO] 資料庫初始化完成
2026-09-30 20:35:02 [INFO] file_cache is only supported with oauth2client<4.0.0
2026-09-30 20:35:02 [INFO] [NAS] 連線正常：\\192.168.120.31\RawDataAI\YP\YPjob
2026-09-30 20:35:02 [INFO] --- 開始增量同步 ---
2026-09-30 20:35:16 [INFO] --- 增量同步完成，pageToken 已更新 ---
2026-09-30 20:35:20 [INFO] [GitHub] sync logs pushed to https://github.com/cruz6739/GDriveSync-log
2026-09-30 20:35:24 [INFO] [GitHub] sync logs pushed to https://github.com/cruz6739/GDriveSync-log
2026-09-30 20:35:24 [INFO] ====== GDriveSync 結束 ======

2026-09-30 20:45:02 [INFO] ====== GDriveSync 啟動 ======
2026-09-30 20:45:02 [INFO] 資料庫初始化完成
2026-09-30 20:45:02 [INFO] file_cache is only supported with oauth2client<4.0.0
2026-09-30 20:45:02 [INFO] [NAS] 連線正常：\\192.168.120.31\RawDataAI\YP\YPjob
2026-09-30 20:45:02 [INFO] --- 開始增量同步 ---
2026-09-30 20:45:15 [INFO] --- 增量同步完成，pageToken 已更新 ---
2026-09-30 20:45:20 [INFO] [GitHub] sync logs pushed to https://github.com/cruz6739/GDriveSync-log
2026-09-30 20:45:24 [INFO] [GitHub] sync logs pushed to https://github.com/cruz6739/GDriveSync-log
2026-09-30 20:45:24 [INFO] ====== GDriveSync 結束 ======

2026-09-30 20:55:02 [INFO] ====== GDriveSync 啟動 ======
2026-09-30 20:55:02 [INFO] 資料庫初始化完成
2026-09-30 20:55:02 [INFO] file_cache is only supported with oauth2client<4.0.0
2026-09-30 20:55:02 [INFO] [NAS] 連線正常：\\192.168.120.31\RawDataAI\YP\YPjob
2026-09-30 20:55:02 [INFO] --- 開始增量同步 ---
2026-09-30 20:55:16 [INFO] --- 增量同步完成，pageToken 已更新 ---
2026-09-30 20:55:21 [INFO] [GitHub] sync logs pushed to https://github.com/cruz6739/GDriveSync-log
2026-09-30 20:55:25 [INFO] [GitHub] sync logs pushed to https://github.com/cruz6739/GDriveSync-log
2026-09-30 20:55:25 [INFO] ====== GDriveSync 結束 ======

2026-09-30 21:05:02 [INFO] ====== GDriveSync 啟動 ======
2026-09-30 21:05:02 [INFO] 資料庫初始化完成
2026-09-30 21:05:02 [INFO] Token refresh 成功
2026-09-30 21:05:02 [INFO] file_cache is only supported with oauth2client<4.0.0
2026-09-30 21:05:02 [INFO] [NAS] 連線正常：\\192.168.120.31\RawDataAI\YP\YPjob
2026-09-30 21:05:02 [INFO] --- 開始增量同步 ---
2026-09-30 21:05:15 [INFO] --- 增量同步完成，pageToken 已更新 ---
2026-09-30 21:05:20 [INFO] [GitHub] sync logs pushed to https://github.com/cruz6739/GDriveSync-log
2026-09-30 21:05:24 [INFO] [GitHub] sync logs pushed to https://github.com/cruz6739/GDriveSync-log
2026-09-30 21:05:24 [INFO] ====== GDriveSync 結束 ======

2026-09-30 21:15:02 [INFO] ====== GDriveSync 啟動 ======
2026-09-30 21:15:02 [INFO] 資料庫初始化完成
2026-09-30 21:15:02 [INFO] file_cache is only supported with oauth2client<4.0.0
2026-09-30 21:15:02 [INFO] [NAS] 連線正常：\\192.168.120.31\RawDataAI\YP\YPjob
2026-09-30 21:15:02 [INFO] --- 開始增量同步 ---
2026-09-30 21:15:15 [INFO] --- 增量同步完成，pageToken 已更新 ---
2026-09-30 21:15:20 [INFO] [GitHub] sync logs pushed to https://github.com/cruz6739/GDriveSync-log
2026-09-30 21:15:24 [INFO] [GitHub] sync logs pushed to https://github.com/cruz6739/GDriveSync-log
2026-09-30 21:15:24 [INFO] ====== GDriveSync 結束 ======

2026-09-30 21:25:02 [INFO] ====== GDriveSync 啟動 ======
2026-09-30 21:25:02 [INFO] 資料庫初始化完成
2026-09-30 21:25:02 [INFO] file_cache is only supported with oauth2client<4.0.0
2026-09-30 21:25:02 [INFO] [NAS] 連線正常：\\192.168.120.31\RawDataAI\YP\YPjob
2026-09-30 21:25:02 [INFO] --- 開始增量同步 ---
2026-09-30 21:25:16 [INFO] --- 增量同步完成，pageToken 已更新 ---
2026-09-30 21:25:20 [INFO] [GitHub] sync logs pushed to https://github.com/cruz6739/GDriveSync-log
2026-09-30 21:25:24 [INFO] [GitHub] sync logs pushed to https://github.com/cruz6739/GDriveSync-log
2026-09-30 21:25:24 [INFO] ====== GDriveSync 結束 ======

2026-09-30 21:35:02 [INFO] ====== GDriveSync 啟動 ======
2026-09-30 21:35:02 [INFO] 資料庫初始化完成
2026-09-30 21:35:02 [INFO] file_cache is only supported with oauth2client<4.0.0
2026-09-30 21:35:02 [INFO] [NAS] 連線正常：\\192.168.120.31\RawDataAI\YP\YPjob
2026-09-30 21:35:02 [INFO] --- 開始增量同步 ---
2026-09-30 21:35:15 [INFO] --- 增量同步完成，pageToken 已更新 ---
2026-09-30 21:35:20 [INFO] [GitHub] sync logs pushed to https://github.com/cruz6739/GDriveSync-log
2026-09-30 21:35:24 [INFO] [GitHub] sync logs pushed to https://github.com/cruz6739/GDriveSync-log
2026-09-30 21:35:24 [INFO] ====== GDriveSync 結束 ======

2026-09-30 21:45:02 [INFO] ====== GDriveSync 啟動 ======
2026-09-30 21:45:02 [INFO] 資料庫初始化完成
2026-09-30 21:45:02 [INFO] file_cache is only supported with oauth2client<4.0.0
2026-09-30 21:45:02 [INFO] [NAS] 連線正常：\\192.168.120.31\RawDataAI\YP\YPjob
2026-09-30 21:45:02 [INFO] --- 開始增量同步 ---
2026-09-30 21:45:16 [INFO] --- 增量同步完成，pageToken 已更新 ---
2026-09-30 21:45:21 [INFO] [GitHub] sync logs pushed to https://github.com/cruz6739/GDriveSync-log
2026-09-30 21:45:25 [INFO] [GitHub] sync logs pushed to https://github.com/cruz6739/GDriveSync-log
2026-09-30 21:45:25 [INFO] ====== GDriveSync 結束 ======

2026-09-30 21:55:02 [INFO] ====== GDriveSync 啟動 ======
2026-09-30 21:55:02 [INFO] 資料庫初始化完成
2026-09-30 21:55:02 [INFO] file_cache is only supported with oauth2client<4.0.0
2026-09-30 21:55:02 [INFO] [NAS] 連線正常：\\192.168.120.31\RawDataAI\YP\YPjob
2026-09-30 21:55:02 [INFO] --- 開始增量同步 ---
2026-09-30 21:55:16 [INFO] --- 增量同步完成，pageToken 已更新 ---
2026-09-30 21:55:20 [INFO] [GitHub] sync logs pushed to https://github.com/cruz6739/GDriveSync-log
2026-09-30 21:55:24 [INFO] [GitHub] sync logs pushed to https://github.com/cruz6739/GDriveSync-log
2026-09-30 21:55:24 [INFO] ====== GDriveSync 結束 ======

2026-09-30 22:05:02 [INFO] ====== GDriveSync 啟動 ======
2026-09-30 22:05:02 [INFO] 資料庫初始化完成
2026-09-30 22:05:03 [INFO] Token refresh 成功
2026-09-30 22:05:03 [INFO] file_cache is only supported with oauth2client<4.0.0
2026-09-30 22:05:03 [INFO] [NAS] 連線正常：\\192.168.120.31\RawDataAI\YP\YPjob
2026-09-30 22:05:03 [INFO] --- 開始增量同步 ---
2026-09-30 22:05:16 [INFO] --- 增量同步完成，pageToken 已更新 ---
2026-09-30 22:05:20 [INFO] [GitHub] sync logs pushed to https://github.com/cruz6739/GDriveSync-log
2026-09-30 22:05:24 [INFO] [GitHub] sync logs pushed to https://github.com/cruz6739/GDriveSync-log
2026-09-30 22:05:24 [INFO] ====== GDriveSync 結束 ======

2026-09-30 22:15:02 [INFO] ====== GDriveSync 啟動 ======
2026-09-30 22:15:02 [INFO] 資料庫初始化完成
2026-09-30 22:15:02 [INFO] file_cache is only supported with oauth2client<4.0.0
2026-09-30 22:15:02 [INFO] [NAS] 連線正常：\\192.168.120.31\RawDataAI\YP\YPjob
2026-09-30 22:15:02 [INFO] --- 開始增量同步 ---
2026-09-30 22:15:16 [INFO] --- 增量同步完成，pageToken 已更新 ---
2026-09-30 22:15:20 [INFO] [GitHub] sync logs pushed to https://github.com/cruz6739/GDriveSync-log
2026-09-30 22:15:24 [INFO] [GitHub] sync logs pushed to https://github.com/cruz6739/GDriveSync-log
2026-09-30 22:15:24 [INFO] ====== GDriveSync 結束 ======

2026-09-30 22:25:02 [INFO] ====== GDriveSync 啟動 ======
2026-09-30 22:25:02 [INFO] 資料庫初始化完成
2026-09-30 22:25:02 [INFO] file_cache is only supported with oauth2client<4.0.0
2026-09-30 22:25:02 [INFO] [NAS] 連線正常：\\192.168.120.31\RawDataAI\YP\YPjob
2026-09-30 22:25:02 [INFO] --- 開始增量同步 ---
2026-09-30 22:25:16 [INFO] --- 增量同步完成，pageToken 已更新 ---
2026-09-30 22:25:22 [INFO] [GitHub] sync logs pushed to https://github.com/cruz6739/GDriveSync-log
2026-09-30 22:25:26 [INFO] [GitHub] sync logs pushed to https://github.com/cruz6739/GDriveSync-log
2026-09-30 22:25:26 [INFO] ====== GDriveSync 結束 ======

2026-09-30 22:35:02 [INFO] ====== GDriveSync 啟動 ======
2026-09-30 22:35:02 [INFO] 資料庫初始化完成
2026-09-30 22:35:02 [INFO] file_cache is only supported with oauth2client<4.0.0
2026-09-30 22:35:02 [INFO] [NAS] 連線正常：\\192.168.120.31\RawDataAI\YP\YPjob
2026-09-30 22:35:02 [INFO] --- 開始增量同步 ---
2026-09-30 22:35:16 [INFO] --- 增量同步完成，pageToken 已更新 ---
2026-09-30 22:35:21 [INFO] [GitHub] sync logs pushed to https://github.com/cruz6739/GDriveSync-log
2026-09-30 22:35:26 [INFO] [GitHub] sync logs pushed to https://github.com/cruz6739/GDriveSync-log
2026-09-30 22:35:26 [INFO] ====== GDriveSync 結束 ======

2026-09-30 22:45:02 [INFO] ====== GDriveSync 啟動 ======
2026-09-30 22:45:02 [INFO] 資料庫初始化完成
2026-09-30 22:45:02 [INFO] file_cache is only supported with oauth2client<4.0.0
2026-09-30 22:45:02 [INFO] [NAS] 連線正常：\\192.168.120.31\RawDataAI\YP\YPjob
2026-09-30 22:45:02 [INFO] --- 開始增量同步 ---
2026-09-30 22:45:16 [INFO] --- 增量同步完成，pageToken 已更新 ---
2026-09-30 22:45:21 [INFO] [GitHub] sync logs pushed to https://github.com/cruz6739/GDriveSync-log
2026-09-30 22:45:25 [INFO] [GitHub] sync logs pushed to https://github.com/cruz6739/GDriveSync-log
2026-09-30 22:45:25 [INFO] ====== GDriveSync 結束 ======

2026-09-30 22:55:02 [INFO] ====== GDriveSync 啟動 ======
2026-09-30 22:55:02 [INFO] 資料庫初始化完成
2026-09-30 22:55:02 [INFO] file_cache is only supported with oauth2client<4.0.0
2026-09-30 22:55:02 [INFO] [NAS] 連線正常：\\192.168.120.31\RawDataAI\YP\YPjob
2026-09-30 22:55:02 [INFO] --- 開始增量同步 ---
2026-09-30 22:55:16 [INFO] --- 增量同步完成，pageToken 已更新 ---
2026-09-30 22:55:20 [INFO] [GitHub] sync logs pushed to https://github.com/cruz6739/GDriveSync-log
2026-09-30 22:55:25 [INFO] [GitHub] sync logs pushed to https://github.com/cruz6739/GDriveSync-log
2026-09-30 22:55:25 [INFO] ====== GDriveSync 結束 ======

2026-09-30 23:05:02 [INFO] ====== GDriveSync 啟動 ======
2026-09-30 23:05:02 [INFO] 資料庫初始化完成
2026-09-30 23:05:03 [INFO] Token refresh 成功
2026-09-30 23:05:03 [INFO] file_cache is only supported with oauth2client<4.0.0
2026-09-30 23:05:03 [INFO] [NAS] 連線正常：\\192.168.120.31\RawDataAI\YP\YPjob
2026-09-30 23:05:03 [INFO] --- 開始增量同步 ---
2026-09-30 23:05:16 [INFO] --- 增量同步完成，pageToken 已更新 ---
2026-09-30 23:05:20 [INFO] [GitHub] sync logs pushed to https://github.com/cruz6739/GDriveSync-log
2026-09-30 23:05:24 [INFO] [GitHub] sync logs pushed to https://github.com/cruz6739/GDriveSync-log
2026-09-30 23:05:24 [INFO] ====== GDriveSync 結束 ======

2026-09-30 23:15:02 [INFO] ====== GDriveSync 啟動 ======
2026-09-30 23:15:02 [INFO] 資料庫初始化完成
2026-09-30 23:15:02 [INFO] file_cache is only supported with oauth2client<4.0.0
2026-09-30 23:15:02 [INFO] [NAS] 連線正常：\\192.168.120.31\RawDataAI\YP\YPjob
2026-09-30 23:15:02 [INFO] --- 開始增量同步 ---
2026-09-30 23:15:16 [INFO] --- 增量同步完成，pageToken 已更新 ---
2026-09-30 23:15:21 [INFO] [GitHub] sync logs pushed to https://github.com/cruz6739/GDriveSync-log
2026-09-30 23:15:26 [INFO] [GitHub] sync logs pushed to https://github.com/cruz6739/GDriveSync-log
2026-09-30 23:15:26 [INFO] ====== GDriveSync 結束 ======

2026-09-30 23:25:02 [INFO] ====== GDriveSync 啟動 ======
2026-09-30 23:25:02 [INFO] 資料庫初始化完成
2026-09-30 23:25:02 [INFO] file_cache is only supported with oauth2client<4.0.0
2026-09-30 23:25:02 [INFO] [NAS] 連線正常：\\192.168.120.31\RawDataAI\YP\YPjob
2026-09-30 23:25:02 [INFO] --- 開始增量同步 ---
2026-09-30 23:25:15 [INFO] --- 增量同步完成，pageToken 已更新 ---
2026-09-30 23:25:20 [INFO] [GitHub] sync logs pushed to https://github.com/cruz6739/GDriveSync-log
2026-09-30 23:25:24 [INFO] [GitHub] sync logs pushed to https://github.com/cruz6739/GDriveSync-log
2026-09-30 23:25:24 [INFO] ====== GDriveSync 結束 ======

2026-09-30 23:35:02 [INFO] ====== GDriveSync 啟動 ======
2026-09-30 23:35:02 [INFO] 資料庫初始化完成
2026-09-30 23:35:02 [INFO] file_cache is only supported with oauth2client<4.0.0
2026-09-30 23:35:02 [INFO] [NAS] 連線正常：\\192.168.120.31\RawDataAI\YP\YPjob
2026-09-30 23:35:02 [INFO] --- 開始增量同步 ---
2026-09-30 23:35:15 [INFO] --- 增量同步完成，pageToken 已更新 ---
2026-09-30 23:35:20 [INFO] [GitHub] sync logs pushed to https://github.com/cruz6739/GDriveSync-log
2026-09-30 23:35:24 [INFO] [GitHub] sync logs pushed to https://github.com/cruz6739/GDriveSync-log
2026-09-30 23:35:24 [INFO] ====== GDriveSync 結束 ======

2026-09-30 23:45:02 [INFO] ====== GDriveSync 啟動 ======
2026-09-30 23:45:02 [INFO] 資料庫初始化完成
2026-09-30 23:45:02 [INFO] file_cache is only supported with oauth2client<4.0.0
2026-09-30 23:45:02 [INFO] [NAS] 連線正常：\\192.168.120.31\RawDataAI\YP\YPjob
2026-09-30 23:45:02 [INFO] --- 開始增量同步 ---
2026-09-30 23:45:16 [INFO] --- 增量同步完成，pageToken 已更新 ---
2026-09-30 23:45:20 [INFO] [GitHub] sync logs pushed to https://github.com/cruz6739/GDriveSync-log
2026-09-30 23:45:24 [INFO] [GitHub] sync logs pushed to https://github.com/cruz6739/GDriveSync-log
2026-09-30 23:45:24 [INFO] ====== GDriveSync 結束 ======

2026-09-30 23:55:02 [INFO] ====== GDriveSync 啟動 ======
2026-09-30 23:55:02 [INFO] 資料庫初始化完成
2026-09-30 23:55:02 [INFO] file_cache is only supported with oauth2client<4.0.0
2026-09-30 23:55:02 [INFO] [NAS] 連線正常：\\192.168.120.31\RawDataAI\YP\YPjob
2026-09-30 23:55:02 [INFO] --- 開始增量同步 ---
2026-09-30 23:55:16 [INFO] --- 增量同步完成，pageToken 已更新 ---
2026-09-30 23:55:22 [INFO] [GitHub] sync logs pushed to https://github.com/cruz6739/GDriveSync-log
2026-09-30 23:55:26 [INFO] [GitHub] sync logs pushed to https://github.com/cruz6739/GDriveSync-log
2026-09-30 23:55:26 [INFO] ====== GDriveSync 結束 ======

2026-10-01 00:05:02 [INFO] ====== GDriveSync 啟動 ======
2026-10-01 00:05:02 [INFO] 資料庫初始化完成
2026-10-01 00:05:03 [INFO] Token refresh 成功
2026-10-01 00:05:03 [INFO] file_cache is only supported with oauth2client<4.0.0
2026-10-01 00:05:03 [INFO] [NAS] 連線正常：\\192.168.120.31\RawDataAI\YP\YPjob
2026-10-01 00:05:03 [INFO] --- 開始增量同步 ---
2026-10-01 00:05:15 [INFO] --- 增量同步完成，pageToken 已更新 ---
2026-10-01 00:05:19 [INFO] [GitHub] sync logs pushed to https://github.com/cruz6739/GDriveSync-log
2026-10-01 00:05:22 [INFO] [GitHub] sync logs pushed to https://github.com/cruz6739/GDriveSync-log
2026-10-01 00:05:22 [INFO] ====== GDriveSync 結束 ======

2026-10-01 00:15:02 [INFO] ====== GDriveSync 啟動 ======
2026-10-01 00:15:02 [INFO] 資料庫初始化完成
2026-10-01 00:15:02 [INFO] file_cache is only supported with oauth2client<4.0.0
2026-10-01 00:15:02 [INFO] [NAS] 連線正常：\\192.168.120.31\RawDataAI\YP\YPjob
2026-10-01 00:15:02 [INFO] --- 開始增量同步 ---
2026-10-01 00:15:16 [INFO] --- 增量同步完成，pageToken 已更新 ---
2026-10-01 00:15:20 [INFO] [GitHub] sync logs pushed to https://github.com/cruz6739/GDriveSync-log
2026-10-01 00:15:24 [INFO] [GitHub] sync logs pushed to https://github.com/cruz6739/GDriveSync-log
2026-10-01 00:15:24 [INFO] ====== GDriveSync 結束 ======

2026-10-01 00:25:02 [INFO] ====== GDriveSync 啟動 ======
2026-10-01 00:25:02 [INFO] 資料庫初始化完成
2026-10-01 00:25:02 [INFO] file_cache is only supported with oauth2client<4.0.0
2026-10-01 00:25:02 [INFO] [NAS] 連線正常：\\192.168.120.31\RawDataAI\YP\YPjob
2026-10-01 00:25:02 [INFO] --- 開始增量同步 ---
2026-10-01 00:25:17 [INFO] --- 增量同步完成，pageToken 已更新 ---
2026-10-01 00:25:21 [INFO] [GitHub] sync logs pushed to https://github.com/cruz6739/GDriveSync-log
2026-10-01 00:25:25 [INFO] [GitHub] sync logs pushed to https://github.com/cruz6739/GDriveSync-log
2026-10-01 00:25:25 [INFO] ====== GDriveSync 結束 ======

2026-10-01 00:35:02 [INFO] ====== GDriveSync 啟動 ======
2026-10-01 00:35:02 [INFO] 資料庫初始化完成
2026-10-01 00:35:02 [INFO] file_cache is only supported with oauth2client<4.0.0
2026-10-01 00:35:02 [INFO] [NAS] 連線正常：\\192.168.120.31\RawDataAI\YP\YPjob
2026-10-01 00:35:02 [INFO] --- 開始增量同步 ---
2026-10-01 00:35:16 [INFO] --- 增量同步完成，pageToken 已更新 ---
2026-10-01 00:35:20 [INFO] [GitHub] sync logs pushed to https://github.com/cruz6739/GDriveSync-log
2026-10-01 00:35:24 [INFO] [GitHub] sync logs pushed to https://github.com/cruz6739/GDriveSync-log
2026-10-01 00:35:24 [INFO] ====== GDriveSync 結束 ======

2026-10-01 00:45:02 [INFO] ====== GDriveSync 啟動 ======
2026-10-01 00:45:02 [INFO] 資料庫初始化完成
2026-10-01 00:45:02 [INFO] file_cache is only supported with oauth2client<4.0.0
2026-10-01 00:45:02 [INFO] [NAS] 連線正常：\\192.168.120.31\RawDataAI\YP\YPjob
2026-10-01 00:45:02 [INFO] --- 開始增量同步 ---
2026-10-01 00:45:16 [INFO] --- 增量同步完成，pageToken 已更新 ---
2026-10-01 00:45:20 [INFO] [GitHub] sync logs pushed to https://github.com/cruz6739/GDriveSync-log
2026-10-01 00:45:24 [INFO] [GitHub] sync logs pushed to https://github.com/cruz6739/GDriveSync-log
2026-10-01 00:45:24 [INFO] ====== GDriveSync 結束 ======

2026-10-01 00:55:02 [INFO] ====== GDriveSync 啟動 ======
2026-10-01 00:55:02 [INFO] 資料庫初始化完成
2026-10-01 00:55:02 [INFO] file_cache is only supported with oauth2client<4.0.0
2026-10-01 00:55:02 [INFO] [NAS] 連線正常：\\192.168.120.31\RawDataAI\YP\YPjob
2026-10-01 00:55:02 [INFO] --- 開始增量同步 ---
2026-10-01 00:55:15 [INFO] --- 增量同步完成，pageToken 已更新 ---
2026-10-01 00:55:20 [INFO] [GitHub] sync logs pushed to https://github.com/cruz6739/GDriveSync-log
2026-10-01 00:55:24 [INFO] [GitHub] sync logs pushed to https://github.com/cruz6739/GDriveSync-log
2026-10-01 00:55:24 [INFO] ====== GDriveSync 結束 ======

2026-10-01 01:05:02 [INFO] ====== GDriveSync 啟動 ======
2026-10-01 01:05:02 [INFO] 資料庫初始化完成
2026-10-01 01:05:03 [INFO] Token refresh 成功
2026-10-01 01:05:03 [INFO] file_cache is only supported with oauth2client<4.0.0
2026-10-01 01:05:03 [INFO] [NAS] 連線正常：\\192.168.120.31\RawDataAI\YP\YPjob
2026-10-01 01:05:03 [INFO] --- 開始增量同步 ---
2026-10-01 01:05:16 [INFO] --- 增量同步完成，pageToken 已更新 ---
2026-10-01 01:05:21 [INFO] [GitHub] sync logs pushed to https://github.com/cruz6739/GDriveSync-log
2026-10-01 01:05:25 [INFO] [GitHub] sync logs pushed to https://github.com/cruz6739/GDriveSync-log
2026-10-01 01:05:25 [INFO] ====== GDriveSync 結束 ======

2026-10-01 01:15:02 [INFO] ====== GDriveSync 啟動 ======
2026-10-01 01:15:02 [INFO] 資料庫初始化完成
2026-10-01 01:15:02 [INFO] file_cache is only supported with oauth2client<4.0.0
2026-10-01 01:15:02 [INFO] [NAS] 連線正常：\\192.168.120.31\RawDataAI\YP\YPjob
2026-10-01 01:15:02 [INFO] --- 開始增量同步 ---
2026-10-01 01:15:16 [INFO] --- 增量同步完成，pageToken 已更新 ---
2026-10-01 01:15:20 [INFO] [GitHub] sync logs pushed to https://github.com/cruz6739/GDriveSync-log
2026-10-01 01:15:24 [INFO] [GitHub] sync logs pushed to https://github.com/cruz6739/GDriveSync-log
2026-10-01 01:15:24 [INFO] ====== GDriveSync 結束 ======

2026-10-01 01:25:02 [INFO] ====== GDriveSync 啟動 ======
2026-10-01 01:25:02 [INFO] 資料庫初始化完成
2026-10-01 01:25:02 [INFO] file_cache is only supported with oauth2client<4.0.0
2026-10-01 01:25:02 [INFO] [NAS] 連線正常：\\192.168.120.31\RawDataAI\YP\YPjob
2026-10-01 01:25:02 [INFO] --- 開始增量同步 ---
2026-10-01 01:25:17 [INFO] --- 增量同步完成，pageToken 已更新 ---
2026-10-01 01:25:21 [INFO] [GitHub] sync logs pushed to https://github.com/cruz6739/GDriveSync-log
2026-10-01 01:25:24 [INFO] [GitHub] sync logs pushed to https://github.com/cruz6739/GDriveSync-log
2026-10-01 01:25:24 [INFO] ====== GDriveSync 結束 ======

2026-10-01 01:35:02 [INFO] ====== GDriveSync 啟動 ======
2026-10-01 01:35:02 [INFO] 資料庫初始化完成
2026-10-01 01:35:02 [INFO] file_cache is only supported with oauth2client<4.0.0
2026-10-01 01:35:02 [INFO] [NAS] 連線正常：\\192.168.120.31\RawDataAI\YP\YPjob
2026-10-01 01:35:02 [INFO] --- 開始增量同步 ---
2026-10-01 01:35:16 [INFO] --- 增量同步完成，pageToken 已更新 ---
2026-10-01 01:35:21 [INFO] [GitHub] sync logs pushed to https://github.com/cruz6739/GDriveSync-log
2026-10-01 01:35:24 [INFO] [GitHub] sync logs pushed to https://github.com/cruz6739/GDriveSync-log
2026-10-01 01:35:24 [INFO] ====== GDriveSync 結束 ======

2026-10-01 01:45:02 [INFO] ====== GDriveSync 啟動 ======
2026-10-01 01:45:02 [INFO] 資料庫初始化完成
2026-10-01 01:45:02 [INFO] file_cache is only supported with oauth2client<4.0.0
2026-10-01 01:45:02 [INFO] [NAS] 連線正常：\\192.168.120.31\RawDataAI\YP\YPjob
2026-10-01 01:45:02 [INFO] --- 開始增量同步 ---
2026-10-01 01:45:15 [INFO] --- 增量同步完成，pageToken 已更新 ---
2026-10-01 01:45:20 [INFO] [GitHub] sync logs pushed to https://github.com/cruz6739/GDriveSync-log
2026-10-01 01:45:24 [INFO] [GitHub] sync logs pushed to https://github.com/cruz6739/GDriveSync-log
2026-10-01 01:45:24 [INFO] ====== GDriveSync 結束 ======

2026-10-01 01:55:02 [INFO] ====== GDriveSync 啟動 ======
2026-10-01 01:55:02 [INFO] 資料庫初始化完成
2026-10-01 01:55:02 [INFO] file_cache is only supported with oauth2client<4.0.0
2026-10-01 01:55:02 [INFO] [NAS] 連線正常：\\192.168.120.31\RawDataAI\YP\YPjob
2026-10-01 01:55:02 [INFO] --- 開始增量同步 ---
2026-10-01 01:55:16 [INFO] --- 增量同步完成，pageToken 已更新 ---
2026-10-01 01:55:20 [INFO] [GitHub] sync logs pushed to https://github.com/cruz6739/GDriveSync-log
2026-10-01 01:55:24 [INFO] [GitHub] sync logs pushed to https://github.com/cruz6739/GDriveSync-log
2026-10-01 01:55:24 [INFO] ====== GDriveSync 結束 ======

2026-10-01 02:05:02 [INFO] ====== GDriveSync 啟動 ======
2026-10-01 02:05:02 [INFO] 資料庫初始化完成
2026-10-01 02:05:03 [INFO] Token refresh 成功
2026-10-01 02:05:03 [INFO] file_cache is only supported with oauth2client<4.0.0
2026-10-01 02:05:03 [INFO] [NAS] 連線正常：\\192.168.120.31\RawDataAI\YP\YPjob
2026-10-01 02:05:03 [INFO] --- 開始增量同步 ---
2026-10-01 02:05:17 [INFO] --- 增量同步完成，pageToken 已更新 ---
2026-10-01 02:05:21 [INFO] [GitHub] sync logs pushed to https://github.com/cruz6739/GDriveSync-log
2026-10-01 02:05:26 [INFO] [GitHub] sync logs pushed to https://github.com/cruz6739/GDriveSync-log
2026-10-01 02:05:26 [INFO] ====== GDriveSync 結束 ======

2026-10-01 02:15:02 [INFO] ====== GDriveSync 啟動 ======
2026-10-01 02:15:02 [INFO] 資料庫初始化完成
2026-10-01 02:15:02 [INFO] file_cache is only supported with oauth2client<4.0.0
2026-10-01 02:15:02 [INFO] [NAS] 連線正常：\\192.168.120.31\RawDataAI\YP\YPjob
2026-10-01 02:15:02 [INFO] --- 開始增量同步 ---
2026-10-01 02:15:16 [INFO] --- 增量同步完成，pageToken 已更新 ---
2026-10-01 02:15:20 [INFO] [GitHub] sync logs pushed to https://github.com/cruz6739/GDriveSync-log
2026-10-01 02:15:24 [INFO] [GitHub] sync logs pushed to https://github.com/cruz6739/GDriveSync-log
2026-10-01 02:15:24 [INFO] ====== GDriveSync 結束 ======

2026-10-01 02:25:02 [INFO] ====== GDriveSync 啟動 ======
2026-10-01 02:25:02 [INFO] 資料庫初始化完成
2026-10-01 02:25:02 [INFO] file_cache is only supported with oauth2client<4.0.0
2026-10-01 02:25:02 [INFO] [NAS] 連線正常：\\192.168.120.31\RawDataAI\YP\YPjob
2026-10-01 02:25:02 [INFO] --- 開始增量同步 ---
2026-10-01 02:25:17 [INFO] --- 增量同步完成，pageToken 已更新 ---
2026-10-01 02:25:21 [INFO] [GitHub] sync logs pushed to https://github.com/cruz6739/GDriveSync-log
2026-10-01 02:25:25 [INFO] [GitHub] sync logs pushed to https://github.com/cruz6739/GDriveSync-log
2026-10-01 02:25:25 [INFO] ====== GDriveSync 結束 ======

2026-10-01 02:35:02 [INFO] ====== GDriveSync 啟動 ======
2026-10-01 02:35:02 [INFO] 資料庫初始化完成
2026-10-01 02:35:02 [INFO] file_cache is only supported with oauth2client<4.0.0
2026-10-01 02:35:02 [INFO] [NAS] 連線正常：\\192.168.120.31\RawDataAI\YP\YPjob
2026-10-01 02:35:02 [INFO] --- 開始增量同步 ---
2026-10-01 02:35:16 [INFO] --- 增量同步完成，pageToken 已更新 ---
2026-10-01 02:35:20 [INFO] [GitHub] sync logs pushed to https://github.com/cruz6739/GDriveSync-log
2026-10-01 02:35:23 [INFO] [GitHub] sync logs pushed to https://github.com/cruz6739/GDriveSync-log
2026-10-01 02:35:23 [INFO] ====== GDriveSync 結束 ======

2026-10-01 02:45:02 [INFO] ====== GDriveSync 啟動 ======
2026-10-01 02:45:02 [INFO] 資料庫初始化完成
2026-10-01 02:45:02 [INFO] file_cache is only supported with oauth2client<4.0.0
2026-10-01 02:45:02 [INFO] [NAS] 連線正常：\\192.168.120.31\RawDataAI\YP\YPjob
2026-10-01 02:45:02 [INFO] --- 開始增量同步 ---
2026-10-01 02:45:16 [INFO] --- 增量同步完成，pageToken 已更新 ---
2026-10-01 02:45:21 [INFO] [GitHub] sync logs pushed to https://github.com/cruz6739/GDriveSync-log
2026-10-01 02:45:25 [INFO] [GitHub] sync logs pushed to https://github.com/cruz6739/GDriveSync-log
2026-10-01 02:45:25 [INFO] ====== GDriveSync 結束 ======

2026-10-01 02:55:02 [INFO] ====== GDriveSync 啟動 ======
2026-10-01 02:55:02 [INFO] 資料庫初始化完成
2026-10-01 02:55:02 [INFO] file_cache is only supported with oauth2client<4.0.0
2026-10-01 02:55:02 [INFO] [NAS] 連線正常：\\192.168.120.31\RawDataAI\YP\YPjob
2026-10-01 02:55:02 [INFO] --- 開始增量同步 ---
2026-10-01 02:55:16 [INFO] --- 增量同步完成，pageToken 已更新 ---
2026-10-01 02:55:20 [INFO] [GitHub] sync logs pushed to https://github.com/cruz6739/GDriveSync-log
2026-10-01 02:55:24 [INFO] [GitHub] sync logs pushed to https://github.com/cruz6739/GDriveSync-log
2026-10-01 02:55:24 [INFO] ====== GDriveSync 結束 ======

2026-10-01 03:05:02 [INFO] ====== GDriveSync 啟動 ======
2026-10-01 03:05:02 [INFO] 資料庫初始化完成
2026-10-01 03:05:03 [INFO] Token refresh 成功
2026-10-01 03:05:03 [INFO] file_cache is only supported with oauth2client<4.0.0
2026-10-01 03:05:03 [INFO] [NAS] 連線正常：\\192.168.120.31\RawDataAI\YP\YPjob
2026-10-01 03:05:03 [INFO] --- 開始增量同步 ---
2026-10-01 03:05:16 [INFO] --- 增量同步完成，pageToken 已更新 ---
2026-10-01 03:05:21 [INFO] [GitHub] sync logs pushed to https://github.com/cruz6739/GDriveSync-log
2026-10-01 03:05:25 [INFO] [GitHub] sync logs pushed to https://github.com/cruz6739/GDriveSync-log
2026-10-01 03:05:25 [INFO] ====== GDriveSync 結束 ======

2026-10-01 03:15:02 [INFO] ====== GDriveSync 啟動 ======
2026-10-01 03:15:02 [INFO] 資料庫初始化完成
2026-10-01 03:15:02 [INFO] file_cache is only supported with oauth2client<4.0.0
2026-10-01 03:15:02 [INFO] [NAS] 連線正常：\\192.168.120.31\RawDataAI\YP\YPjob
2026-10-01 03:15:02 [INFO] --- 開始增量同步 ---
2026-10-01 03:15:16 [INFO] --- 增量同步完成，pageToken 已更新 ---
2026-10-01 03:15:21 [INFO] [GitHub] sync logs pushed to https://github.com/cruz6739/GDriveSync-log
2026-10-01 03:15:25 [INFO] [GitHub] sync logs pushed to https://github.com/cruz6739/GDriveSync-log
2026-10-01 03:15:25 [INFO] ====== GDriveSync 結束 ======

2026-10-01 03:25:01 [INFO] ====== GDriveSync 啟動 ======
2026-10-01 03:25:01 [INFO] 資料庫初始化完成
2026-10-01 03:25:01 [INFO] file_cache is only supported with oauth2client<4.0.0
2026-10-01 03:25:01 [INFO] [NAS] 連線正常：\\192.168.120.31\RawDataAI\YP\YPjob
2026-10-01 03:25:01 [INFO] --- 開始增量同步 ---
2026-10-01 03:25:16 [INFO] --- 增量同步完成，pageToken 已更新 ---
2026-10-01 03:25:20 [INFO] [GitHub] sync logs pushed to https://github.com/cruz6739/GDriveSync-log
2026-10-01 03:25:24 [INFO] [GitHub] sync logs pushed to https://github.com/cruz6739/GDriveSync-log
2026-10-01 03:25:24 [INFO] ====== GDriveSync 結束 ======

2026-10-01 03:35:01 [INFO] ====== GDriveSync 啟動 ======
2026-10-01 03:35:01 [INFO] 資料庫初始化完成
2026-10-01 03:35:01 [INFO] file_cache is only supported with oauth2client<4.0.0
2026-10-01 03:35:01 [INFO] [NAS] 連線正常：\\192.168.120.31\RawDataAI\YP\YPjob
2026-10-01 03:35:01 [INFO] --- 開始增量同步 ---
2026-10-01 03:35:15 [INFO] --- 增量同步完成，pageToken 已更新 ---
2026-10-01 03:35:19 [INFO] [GitHub] sync logs pushed to https://github.com/cruz6739/GDriveSync-log
2026-10-01 03:35:23 [INFO] [GitHub] sync logs pushed to https://github.com/cruz6739/GDriveSync-log
2026-10-01 03:35:23 [INFO] ====== GDriveSync 結束 ======

2026-10-01 03:45:01 [INFO] ====== GDriveSync 啟動 ======
2026-10-01 03:45:01 [INFO] 資料庫初始化完成
2026-10-01 03:45:01 [INFO] file_cache is only supported with oauth2client<4.0.0
2026-10-01 03:45:01 [INFO] [NAS] 連線正常：\\192.168.120.31\RawDataAI\YP\YPjob
2026-10-01 03:45:01 [INFO] --- 開始增量同步 ---
2026-10-01 03:45:15 [INFO] --- 增量同步完成，pageToken 已更新 ---
2026-10-01 03:45:19 [INFO] [GitHub] sync logs pushed to https://github.com/cruz6739/GDriveSync-log
2026-10-01 03:45:23 [INFO] [GitHub] sync logs pushed to https://github.com/cruz6739/GDriveSync-log
2026-10-01 03:45:23 [INFO] ====== GDriveSync 結束 ======

2026-10-01 03:55:01 [INFO] ====== GDriveSync 啟動 ======
2026-10-01 03:55:01 [INFO] 資料庫初始化完成
2026-10-01 03:55:01 [INFO] file_cache is only supported with oauth2client<4.0.0
2026-10-01 03:55:01 [INFO] [NAS] 連線正常：\\192.168.120.31\RawDataAI\YP\YPjob
2026-10-01 03:55:01 [INFO] --- 開始增量同步 ---
2026-10-01 03:55:15 [INFO] --- 增量同步完成，pageToken 已更新 ---
2026-10-01 03:55:19 [INFO] [GitHub] sync logs pushed to https://github.com/cruz6739/GDriveSync-log
2026-10-01 03:55:23 [INFO] [GitHub] sync logs pushed to https://github.com/cruz6739/GDriveSync-log
2026-10-01 03:55:23 [INFO] ====== GDriveSync 結束 ======

2026-10-01 04:05:01 [INFO] ====== GDriveSync 啟動 ======
2026-10-01 04:05:01 [INFO] 資料庫初始化完成
2026-10-01 04:05:02 [INFO] Token refresh 成功
2026-10-01 04:05:02 [INFO] file_cache is only supported with oauth2client<4.0.0
2026-10-01 04:05:02 [INFO] [NAS] 連線正常：\\192.168.120.31\RawDataAI\YP\YPjob
2026-10-01 04:05:02 [INFO] --- 開始增量同步 ---
2026-10-01 04:05:16 [INFO] --- 增量同步完成，pageToken 已更新 ---
2026-10-01 04:05:20 [INFO] [GitHub] sync logs pushed to https://github.com/cruz6739/GDriveSync-log
2026-10-01 04:05:24 [INFO] [GitHub] sync logs pushed to https://github.com/cruz6739/GDriveSync-log
2026-10-01 04:05:24 [INFO] ====== GDriveSync 結束 ======

2026-10-01 04:15:01 [INFO] ====== GDriveSync 啟動 ======
2026-10-01 04:15:01 [INFO] 資料庫初始化完成
2026-10-01 04:15:01 [INFO] file_cache is only supported with oauth2client<4.0.0
2026-10-01 04:15:01 [INFO] [NAS] 連線正常：\\192.168.120.31\RawDataAI\YP\YPjob
2026-10-01 04:15:01 [INFO] --- 開始增量同步 ---
2026-10-01 04:15:14 [INFO] --- 增量同步完成，pageToken 已更新 ---
2026-10-01 04:15:19 [INFO] [GitHub] sync logs pushed to https://github.com/cruz6739/GDriveSync-log
2026-10-01 04:15:23 [INFO] [GitHub] sync logs pushed to https://github.com/cruz6739/GDriveSync-log
2026-10-01 04:15:23 [INFO] ====== GDriveSync 結束 ======

2026-10-01 04:25:01 [INFO] ====== GDriveSync 啟動 ======
2026-10-01 04:25:01 [INFO] 資料庫初始化完成
2026-10-01 04:25:01 [INFO] file_cache is only supported with oauth2client<4.0.0
2026-10-01 04:25:01 [INFO] [NAS] 連線正常：\\192.168.120.31\RawDataAI\YP\YPjob
2026-10-01 04:25:01 [INFO] --- 開始增量同步 ---
2026-10-01 04:25:15 [INFO] --- 增量同步完成，pageToken 已更新 ---
2026-10-01 04:25:19 [INFO] [GitHub] sync logs pushed to https://github.com/cruz6739/GDriveSync-log
2026-10-01 04:25:23 [INFO] [GitHub] sync logs pushed to https://github.com/cruz6739/GDriveSync-log
2026-10-01 04:25:23 [INFO] ====== GDriveSync 結束 ======

2026-10-01 04:35:01 [INFO] ====== GDriveSync 啟動 ======
2026-10-01 04:35:01 [INFO] 資料庫初始化完成
2026-10-01 04:35:02 [INFO] file_cache is only supported with oauth2client<4.0.0
2026-10-01 04:35:02 [INFO] [NAS] 連線正常：\\192.168.120.31\RawDataAI\YP\YPjob
2026-10-01 04:35:02 [INFO] --- 開始增量同步 ---
2026-10-01 04:35:15 [INFO] --- 增量同步完成，pageToken 已更新 ---
2026-10-01 04:35:19 [INFO] [GitHub] sync logs pushed to https://github.com/cruz6739/GDriveSync-log
2026-10-01 04:35:23 [INFO] [GitHub] sync logs pushed to https://github.com/cruz6739/GDriveSync-log
2026-10-01 04:35:23 [INFO] ====== GDriveSync 結束 ======

2026-10-01 04:45:01 [INFO] ====== GDriveSync 啟動 ======
2026-10-01 04:45:01 [INFO] 資料庫初始化完成
2026-10-01 04:45:01 [INFO] file_cache is only supported with oauth2client<4.0.0
2026-10-01 04:45:01 [INFO] [NAS] 連線正常：\\192.168.120.31\RawDataAI\YP\YPjob
2026-10-01 04:45:01 [INFO] --- 開始增量同步 ---
2026-10-01 04:45:15 [INFO] --- 增量同步完成，pageToken 已更新 ---
2026-10-01 04:45:19 [INFO] [GitHub] sync logs pushed to https://github.com/cruz6739/GDriveSync-log
2026-10-01 04:45:23 [INFO] [GitHub] sync logs pushed to https://github.com/cruz6739/GDriveSync-log
2026-10-01 04:45:23 [INFO] ====== GDriveSync 結束 ======

2026-10-01 04:55:01 [INFO] ====== GDriveSync 啟動 ======
2026-10-01 04:55:01 [INFO] 資料庫初始化完成
2026-10-01 04:55:01 [INFO] file_cache is only supported with oauth2client<4.0.0
2026-10-01 04:55:01 [INFO] [NAS] 連線正常：\\192.168.120.31\RawDataAI\YP\YPjob
2026-10-01 04:55:01 [INFO] --- 開始增量同步 ---
2026-10-01 04:55:15 [INFO] --- 增量同步完成，pageToken 已更新 ---
2026-10-01 04:55:19 [INFO] [GitHub] sync logs pushed to https://github.com/cruz6739/GDriveSync-log
2026-10-01 04:55:23 [INFO] [GitHub] sync logs pushed to https://github.com/cruz6739/GDriveSync-log
2026-10-01 04:55:23 [INFO] ====== GDriveSync 結束 ======

2026-10-01 05:05:01 [INFO] ====== GDriveSync 啟動 ======
2026-10-01 05:05:01 [INFO] 資料庫初始化完成
2026-10-01 05:05:02 [INFO] Token refresh 成功
2026-10-01 05:05:02 [INFO] file_cache is only supported with oauth2client<4.0.0
2026-10-01 05:05:02 [INFO] [NAS] 連線正常：\\192.168.120.31\RawDataAI\YP\YPjob
2026-10-01 05:05:02 [INFO] --- 開始增量同步 ---
2026-10-01 05:05:16 [INFO] --- 增量同步完成，pageToken 已更新 ---
2026-10-01 05:05:20 [INFO] [GitHub] sync logs pushed to https://github.com/cruz6739/GDriveSync-log
2026-10-01 05:05:24 [INFO] [GitHub] sync logs pushed to https://github.com/cruz6739/GDriveSync-log
2026-10-01 05:05:24 [INFO] ====== GDriveSync 結束 ======

2026-10-01 05:15:01 [INFO] ====== GDriveSync 啟動 ======
2026-10-01 05:15:01 [INFO] 資料庫初始化完成
2026-10-01 05:15:02 [INFO] file_cache is only supported with oauth2client<4.0.0
2026-10-01 05:15:02 [INFO] [NAS] 連線正常：\\192.168.120.31\RawDataAI\YP\YPjob
2026-10-01 05:15:02 [INFO] --- 開始增量同步 ---
2026-10-01 05:15:16 [INFO] --- 增量同步完成，pageToken 已更新 ---
2026-10-01 05:15:20 [INFO] [GitHub] sync logs pushed to https://github.com/cruz6739/GDriveSync-log
2026-10-01 05:15:24 [INFO] [GitHub] sync logs pushed to https://github.com/cruz6739/GDriveSync-log
2026-10-01 05:15:24 [INFO] ====== GDriveSync 結束 ======

2026-10-01 05:25:02 [INFO] ====== GDriveSync 啟動 ======
2026-10-01 05:25:02 [INFO] 資料庫初始化完成
2026-10-01 05:25:02 [INFO] file_cache is only supported with oauth2client<4.0.0
2026-10-01 05:25:02 [INFO] [NAS] 連線正常：\\192.168.120.31\RawDataAI\YP\YPjob
2026-10-01 05:25:02 [INFO] --- 開始增量同步 ---
2026-10-01 05:25:15 [INFO] --- 增量同步完成，pageToken 已更新 ---
2026-10-01 05:25:20 [INFO] [GitHub] sync logs pushed to https://github.com/cruz6739/GDriveSync-log
2026-10-01 05:25:25 [INFO] [GitHub] sync logs pushed to https://github.com/cruz6739/GDriveSync-log
2026-10-01 05:25:25 [INFO] ====== GDriveSync 結束 ======

2026-10-01 05:35:01 [INFO] ====== GDriveSync 啟動 ======
2026-10-01 05:35:01 [INFO] 資料庫初始化完成
2026-10-01 05:35:02 [INFO] file_cache is only supported with oauth2client<4.0.0
2026-10-01 05:35:02 [INFO] [NAS] 連線正常：\\192.168.120.31\RawDataAI\YP\YPjob
2026-10-01 05:35:02 [INFO] --- 開始增量同步 ---
2026-10-01 05:35:15 [INFO] --- 增量同步完成，pageToken 已更新 ---
2026-10-01 05:35:19 [INFO] [GitHub] sync logs pushed to https://github.com/cruz6739/GDriveSync-log
2026-10-01 05:35:23 [INFO] [GitHub] sync logs pushed to https://github.com/cruz6739/GDriveSync-log
2026-10-01 05:35:23 [INFO] ====== GDriveSync 結束 ======

2026-10-01 05:45:02 [INFO] ====== GDriveSync 啟動 ======
2026-10-01 05:45:02 [INFO] 資料庫初始化完成
2026-10-01 05:45:02 [INFO] file_cache is only supported with oauth2client<4.0.0
2026-10-01 05:45:02 [INFO] [NAS] 連線正常：\\192.168.120.31\RawDataAI\YP\YPjob
2026-10-01 05:45:02 [INFO] --- 開始增量同步 ---
2026-10-01 05:45:15 [INFO] --- 增量同步完成，pageToken 已更新 ---
2026-10-01 05:45:19 [INFO] [GitHub] sync logs pushed to https://github.com/cruz6739/GDriveSync-log
2026-10-01 05:45:23 [INFO] [GitHub] sync logs pushed to https://github.com/cruz6739/GDriveSync-log
2026-10-01 05:45:23 [INFO] ====== GDriveSync 結束 ======

2026-10-01 05:55:02 [INFO] ====== GDriveSync 啟動 ======
2026-10-01 05:55:02 [INFO] 資料庫初始化完成
2026-10-01 05:55:02 [INFO] file_cache is only supported with oauth2client<4.0.0
2026-10-01 05:55:02 [INFO] [NAS] 連線正常：\\192.168.120.31\RawDataAI\YP\YPjob
2026-10-01 05:55:02 [INFO] --- 開始增量同步 ---
2026-10-01 05:55:15 [INFO] --- 增量同步完成，pageToken 已更新 ---
2026-10-01 05:55:19 [INFO] [GitHub] sync logs pushed to https://github.com/cruz6739/GDriveSync-log
2026-10-01 05:55:23 [INFO] [GitHub] sync logs pushed to https://github.com/cruz6739/GDriveSync-log
2026-10-01 05:55:23 [INFO] ====== GDriveSync 結束 ======

2026-10-01 06:05:01 [INFO] ====== GDriveSync 啟動 ======
2026-10-01 06:05:01 [INFO] 資料庫初始化完成
2026-10-01 06:05:02 [INFO] Token refresh 成功
2026-10-01 06:05:02 [INFO] file_cache is only supported with oauth2client<4.0.0
2026-10-01 06:05:02 [INFO] [NAS] 連線正常：\\192.168.120.31\RawDataAI\YP\YPjob
2026-10-01 06:05:02 [INFO] --- 開始增量同步 ---
2026-10-01 06:05:16 [INFO] --- 增量同步完成，pageToken 已更新 ---
2026-10-01 06:05:19 [INFO] [GitHub] sync logs pushed to https://github.com/cruz6739/GDriveSync-log
2026-10-01 06:05:23 [INFO] [GitHub] sync logs pushed to https://github.com/cruz6739/GDriveSync-log
2026-10-01 06:05:23 [INFO] ====== GDriveSync 結束 ======

2026-10-01 06:15:02 [INFO] ====== GDriveSync 啟動 ======
2026-10-01 06:15:02 [INFO] 資料庫初始化完成
2026-10-01 06:15:02 [INFO] file_cache is only supported with oauth2client<4.0.0
2026-10-01 06:15:02 [INFO] [NAS] 連線正常：\\192.168.120.31\RawDataAI\YP\YPjob
2026-10-01 06:15:02 [INFO] --- 開始增量同步 ---
2026-10-01 06:15:15 [INFO] --- 增量同步完成，pageToken 已更新 ---
2026-10-01 06:15:19 [INFO] [GitHub] sync logs pushed to https://github.com/cruz6739/GDriveSync-log
2026-10-01 06:15:22 [INFO] [GitHub] sync logs pushed to https://github.com/cruz6739/GDriveSync-log
2026-10-01 06:15:22 [INFO] ====== GDriveSync 結束 ======

2026-10-01 06:25:02 [INFO] ====== GDriveSync 啟動 ======
2026-10-01 06:25:02 [INFO] 資料庫初始化完成
2026-10-01 06:25:02 [INFO] file_cache is only supported with oauth2client<4.0.0
2026-10-01 06:25:02 [INFO] [NAS] 連線正常：\\192.168.120.31\RawDataAI\YP\YPjob
2026-10-01 06:25:02 [INFO] --- 開始增量同步 ---
2026-10-01 06:25:16 [INFO] --- 增量同步完成，pageToken 已更新 ---
2026-10-01 06:25:19 [INFO] [GitHub] sync logs pushed to https://github.com/cruz6739/GDriveSync-log
2026-10-01 06:25:23 [INFO] [GitHub] sync logs pushed to https://github.com/cruz6739/GDriveSync-log
2026-10-01 06:25:23 [INFO] ====== GDriveSync 結束 ======

2026-10-01 06:35:02 [INFO] ====== GDriveSync 啟動 ======
2026-10-01 06:35:02 [INFO] 資料庫初始化完成
2026-10-01 06:35:02 [INFO] file_cache is only supported with oauth2client<4.0.0
2026-10-01 06:35:02 [INFO] [NAS] 連線正常：\\192.168.120.31\RawDataAI\YP\YPjob
2026-10-01 06:35:02 [INFO] --- 開始增量同步 ---
2026-10-01 06:35:15 [INFO] --- 增量同步完成，pageToken 已更新 ---
2026-10-01 06:35:20 [INFO] [GitHub] sync logs pushed to https://github.com/cruz6739/GDriveSync-log
2026-10-01 06:35:24 [INFO] [GitHub] sync logs pushed to https://github.com/cruz6739/GDriveSync-log
2026-10-01 06:35:24 [INFO] ====== GDriveSync 結束 ======

2026-10-01 06:45:02 [INFO] ====== GDriveSync 啟動 ======
2026-10-01 06:45:02 [INFO] 資料庫初始化完成
2026-10-01 06:45:02 [INFO] file_cache is only supported with oauth2client<4.0.0
2026-10-01 06:45:02 [INFO] [NAS] 連線正常：\\192.168.120.31\RawDataAI\YP\YPjob
2026-10-01 06:45:02 [INFO] --- 開始增量同步 ---
2026-10-01 06:45:15 [INFO] --- 增量同步完成，pageToken 已更新 ---
2026-10-01 06:45:19 [INFO] [GitHub] sync logs pushed to https://github.com/cruz6739/GDriveSync-log
2026-10-01 06:45:23 [INFO] [GitHub] sync logs pushed to https://github.com/cruz6739/GDriveSync-log
2026-10-01 06:45:23 [INFO] ====== GDriveSync 結束 ======

2026-10-01 06:55:02 [INFO] ====== GDriveSync 啟動 ======
2026-10-01 06:55:02 [INFO] 資料庫初始化完成
2026-10-01 06:55:02 [INFO] file_cache is only supported with oauth2client<4.0.0
2026-10-01 06:55:02 [INFO] [NAS] 連線正常：\\192.168.120.31\RawDataAI\YP\YPjob
2026-10-01 06:55:02 [INFO] --- 開始增量同步 ---
2026-10-01 06:55:15 [INFO] --- 增量同步完成，pageToken 已更新 ---
2026-10-01 06:55:19 [INFO] [GitHub] sync logs pushed to https://github.com/cruz6739/GDriveSync-log
2026-10-01 06:55:23 [INFO] [GitHub] sync logs pushed to https://github.com/cruz6739/GDriveSync-log
2026-10-01 06:55:23 [INFO] ====== GDriveSync 結束 ======

2026-10-01 07:05:02 [INFO] ====== GDriveSync 啟動 ======
2026-10-01 07:05:02 [INFO] 資料庫初始化完成
2026-10-01 07:05:02 [INFO] Token refresh 成功
2026-10-01 07:05:02 [INFO] file_cache is only supported with oauth2client<4.0.0
2026-10-01 07:05:02 [INFO] [NAS] 連線正常：\\192.168.120.31\RawDataAI\YP\YPjob
2026-10-01 07:05:02 [INFO] --- 開始增量同步 ---
2026-10-01 07:05:16 [INFO] --- 增量同步完成，pageToken 已更新 ---
2026-10-01 07:05:19 [INFO] [GitHub] sync logs pushed to https://github.com/cruz6739/GDriveSync-log
2026-10-01 07:05:23 [INFO] [GitHub] sync logs pushed to https://github.com/cruz6739/GDriveSync-log
2026-10-01 07:05:23 [INFO] ====== GDriveSync 結束 ======

2026-10-01 07:15:02 [INFO] ====== GDriveSync 啟動 ======
2026-10-01 07:15:02 [INFO] 資料庫初始化完成
2026-10-01 07:15:02 [INFO] file_cache is only supported with oauth2client<4.0.0
2026-10-01 07:15:02 [INFO] [NAS] 連線正常：\\192.168.120.31\RawDataAI\YP\YPjob
2026-10-01 07:15:02 [INFO] --- 開始增量同步 ---
2026-10-01 07:15:15 [INFO] --- 增量同步完成，pageToken 已更新 ---
2026-10-01 07:15:19 [INFO] [GitHub] sync logs pushed to https://github.com/cruz6739/GDriveSync-log
2026-10-01 07:15:23 [INFO] [GitHub] sync logs pushed to https://github.com/cruz6739/GDriveSync-log
2026-10-01 07:15:23 [INFO] ====== GDriveSync 結束 ======

2026-10-01 07:25:02 [INFO] ====== GDriveSync 啟動 ======
2026-10-01 07:25:02 [INFO] 資料庫初始化完成
2026-10-01 07:25:02 [INFO] file_cache is only supported with oauth2client<4.0.0
2026-10-01 07:25:02 [INFO] [NAS] 連線正常：\\192.168.120.31\RawDataAI\YP\YPjob
2026-10-01 07:25:02 [INFO] --- 開始增量同步 ---
2026-10-01 07:25:15 [INFO] --- 增量同步完成，pageToken 已更新 ---
2026-10-01 07:25:19 [INFO] [GitHub] sync logs pushed to https://github.com/cruz6739/GDriveSync-log
2026-10-01 07:25:23 [INFO] [GitHub] sync logs pushed to https://github.com/cruz6739/GDriveSync-log
2026-10-01 07:25:23 [INFO] ====== GDriveSync 結束 ======

2026-10-01 07:35:02 [INFO] ====== GDriveSync 啟動 ======
2026-10-01 07:35:02 [INFO] 資料庫初始化完成
2026-10-01 07:35:02 [INFO] file_cache is only supported with oauth2client<4.0.0
2026-10-01 07:35:02 [INFO] [NAS] 連線正常：\\192.168.120.31\RawDataAI\YP\YPjob
2026-10-01 07:35:02 [INFO] --- 開始增量同步 ---
2026-10-01 07:35:16 [INFO] --- 增量同步完成，pageToken 已更新 ---
2026-10-01 07:35:20 [INFO] [GitHub] sync logs pushed to https://github.com/cruz6739/GDriveSync-log
2026-10-01 07:35:24 [INFO] [GitHub] sync logs pushed to https://github.com/cruz6739/GDriveSync-log
2026-10-01 07:35:24 [INFO] ====== GDriveSync 結束 ======

2026-10-01 07:45:02 [INFO] ====== GDriveSync 啟動 ======
2026-10-01 07:45:02 [INFO] 資料庫初始化完成
2026-10-01 07:45:02 [INFO] file_cache is only supported with oauth2client<4.0.0
2026-10-01 07:45:02 [INFO] [NAS] 連線正常：\\192.168.120.31\RawDataAI\YP\YPjob
2026-10-01 07:45:02 [INFO] --- 開始增量同步 ---
2026-10-01 07:45:16 [INFO] --- 增量同步完成，pageToken 已更新 ---
2026-10-01 07:45:20 [INFO] [GitHub] sync logs pushed to https://github.com/cruz6739/GDriveSync-log
2026-10-01 07:45:23 [INFO] [GitHub] sync logs pushed to https://github.com/cruz6739/GDriveSync-log
2026-10-01 07:45:23 [INFO] ====== GDriveSync 結束 ======

2026-10-01 07:55:02 [INFO] ====== GDriveSync 啟動 ======
2026-10-01 07:55:02 [INFO] 資料庫初始化完成
2026-10-01 07:55:02 [INFO] file_cache is only supported with oauth2client<4.0.0
2026-10-01 07:55:02 [INFO] [NAS] 連線正常：\\192.168.120.31\RawDataAI\YP\YPjob
2026-10-01 07:55:02 [INFO] --- 開始增量同步 ---
2026-10-01 07:55:16 [INFO] --- 增量同步完成，pageToken 已更新 ---
2026-10-01 07:55:20 [INFO] [GitHub] sync logs pushed to https://github.com/cruz6739/GDriveSync-log
2026-10-01 07:55:23 [INFO] [GitHub] sync logs pushed to https://github.com/cruz6739/GDriveSync-log
2026-10-01 07:55:23 [INFO] ====== GDriveSync 結束 ======

2026-10-01 08:05:02 [INFO] ====== GDriveSync 啟動 ======
2026-10-01 08:05:02 [INFO] 資料庫初始化完成
2026-10-01 08:05:02 [INFO] Token refresh 成功
2026-10-01 08:05:02 [INFO] file_cache is only supported with oauth2client<4.0.0
2026-10-01 08:05:02 [INFO] [NAS] 連線正常：\\192.168.120.31\RawDataAI\YP\YPjob
2026-10-01 08:05:02 [INFO] --- 開始增量同步 ---
2026-10-01 08:05:15 [INFO] --- 增量同步完成，pageToken 已更新 ---
2026-10-01 08:05:19 [INFO] [GitHub] sync logs pushed to https://github.com/cruz6739/GDriveSync-log
2026-10-01 08:05:23 [INFO] [GitHub] sync logs pushed to https://github.com/cruz6739/GDriveSync-log
2026-10-01 08:05:23 [INFO] ====== GDriveSync 結束 ======

2026-10-01 08:15:02 [INFO] ====== GDriveSync 啟動 ======
2026-10-01 08:15:02 [INFO] 資料庫初始化完成
2026-10-01 08:15:02 [INFO] file_cache is only supported with oauth2client<4.0.0
2026-10-01 08:15:02 [INFO] [NAS] 連線正常：\\192.168.120.31\RawDataAI\YP\YPjob
2026-10-01 08:15:02 [INFO] --- 開始增量同步 ---
2026-10-01 08:15:15 [INFO] --- 增量同步完成，pageToken 已更新 ---
2026-10-01 08:15:19 [INFO] [GitHub] sync logs pushed to https://github.com/cruz6739/GDriveSync-log
2026-10-01 08:15:23 [INFO] [GitHub] sync logs pushed to https://github.com/cruz6739/GDriveSync-log
2026-10-01 08:15:23 [INFO] ====== GDriveSync 結束 ======

2026-10-01 08:25:02 [INFO] ====== GDriveSync 啟動 ======
2026-10-01 08:25:02 [INFO] 資料庫初始化完成
2026-10-01 08:25:02 [INFO] file_cache is only supported with oauth2client<4.0.0
2026-10-01 08:25:02 [INFO] [NAS] 連線正常：\\192.168.120.31\RawDataAI\YP\YPjob
2026-10-01 08:25:02 [INFO] --- 開始增量同步 ---
2026-10-01 08:25:15 [INFO] --- 增量同步完成，pageToken 已更新 ---
2026-10-01 08:25:19 [INFO] [GitHub] sync logs pushed to https://github.com/cruz6739/GDriveSync-log
2026-10-01 08:25:22 [INFO] [GitHub] sync logs pushed to https://github.com/cruz6739/GDriveSync-log
2026-10-01 08:25:22 [INFO] ====== GDriveSync 結束 ======

2026-10-01 08:35:02 [INFO] ====== GDriveSync 啟動 ======
2026-10-01 08:35:02 [INFO] 資料庫初始化完成
2026-10-01 08:35:02 [INFO] file_cache is only supported with oauth2client<4.0.0
2026-10-01 08:35:02 [INFO] [NAS] 連線正常：\\192.168.120.31\RawDataAI\YP\YPjob
2026-10-01 08:35:02 [INFO] --- 開始增量同步 ---
2026-10-01 08:35:16 [INFO] --- 增量同步完成，pageToken 已更新 ---
2026-10-01 08:35:20 [INFO] [GitHub] sync logs pushed to https://github.com/cruz6739/GDriveSync-log
2026-10-01 08:35:24 [INFO] [GitHub] sync logs pushed to https://github.com/cruz6739/GDriveSync-log
2026-10-01 08:35:24 [INFO] ====== GDriveSync 結束 ======

2026-10-01 08:45:02 [INFO] ====== GDriveSync 啟動 ======
2026-10-01 08:45:02 [INFO] 資料庫初始化完成
2026-10-01 08:45:02 [INFO] file_cache is only supported with oauth2client<4.0.0
2026-10-01 08:45:02 [INFO] [NAS] 連線正常：\\192.168.120.31\RawDataAI\YP\YPjob
2026-10-01 08:45:02 [INFO] --- 開始增量同步 ---
2026-10-01 08:45:16 [INFO] --- 增量同步完成，pageToken 已更新 ---
2026-10-01 08:45:20 [INFO] [GitHub] sync logs pushed to https://github.com/cruz6739/GDriveSync-log
2026-10-01 08:45:24 [INFO] [GitHub] sync logs pushed to https://github.com/cruz6739/GDriveSync-log
2026-10-01 08:45:24 [INFO] ====== GDriveSync 結束 ======

2026-10-01 08:55:02 [INFO] ====== GDriveSync 啟動 ======
2026-10-01 08:55:02 [INFO] 資料庫初始化完成
2026-10-01 08:55:02 [INFO] file_cache is only supported with oauth2client<4.0.0
2026-10-01 08:55:02 [INFO] [NAS] 連線正常：\\192.168.120.31\RawDataAI\YP\YPjob
2026-10-01 08:55:02 [INFO] --- 開始增量同步 ---
2026-10-01 08:55:16 [INFO] --- 增量同步完成，pageToken 已更新 ---
2026-10-01 08:55:20 [INFO] [GitHub] sync logs pushed to https://github.com/cruz6739/GDriveSync-log
2026-10-01 08:55:23 [INFO] [GitHub] sync logs pushed to https://github.com/cruz6739/GDriveSync-log
2026-10-01 08:55:23 [INFO] ====== GDriveSync 結束 ======

2026-10-01 09:05:02 [INFO] ====== GDriveSync 啟動 ======
2026-10-01 09:05:02 [INFO] 資料庫初始化完成
2026-10-01 09:05:02 [INFO] Token refresh 成功
2026-10-01 09:05:02 [INFO] file_cache is only supported with oauth2client<4.0.0
2026-10-01 09:05:02 [INFO] [NAS] 連線正常：\\192.168.120.31\RawDataAI\YP\YPjob
2026-10-01 09:05:02 [INFO] --- 開始增量同步 ---
2026-10-01 09:05:15 [INFO] --- 增量同步完成，pageToken 已更新 ---
2026-10-01 09:05:19 [INFO] [GitHub] sync logs pushed to https://github.com/cruz6739/GDriveSync-log
2026-10-01 09:05:23 [INFO] [GitHub] sync logs pushed to https://github.com/cruz6739/GDriveSync-log
2026-10-01 09:05:23 [INFO] ====== GDriveSync 結束 ======

2026-10-01 09:15:02 [INFO] ====== GDriveSync 啟動 ======
2026-10-01 09:15:02 [INFO] 資料庫初始化完成
2026-10-01 09:15:02 [INFO] file_cache is only supported with oauth2client<4.0.0
2026-10-01 09:15:02 [INFO] [NAS] 連線正常：\\192.168.120.31\RawDataAI\YP\YPjob
2026-10-01 09:15:02 [INFO] --- 開始增量同步 ---
2026-10-01 09:15:16 [INFO] --- 增量同步完成，pageToken 已更新 ---
2026-10-01 09:15:20 [INFO] [GitHub] sync logs pushed to https://github.com/cruz6739/GDriveSync-log
2026-10-01 09:15:24 [INFO] [GitHub] sync logs pushed to https://github.com/cruz6739/GDriveSync-log
2026-10-01 09:15:24 [INFO] ====== GDriveSync 結束 ======

2026-10-01 09:25:02 [INFO] ====== GDriveSync 啟動 ======
2026-10-01 09:25:02 [INFO] 資料庫初始化完成
2026-10-01 09:25:02 [INFO] file_cache is only supported with oauth2client<4.0.0
2026-10-01 09:25:02 [INFO] [NAS] 連線正常：\\192.168.120.31\RawDataAI\YP\YPjob
2026-10-01 09:25:02 [INFO] --- 開始增量同步 ---
2026-10-01 09:25:16 [INFO] --- 增量同步完成，pageToken 已更新 ---
2026-10-01 09:25:20 [INFO] [GitHub] sync logs pushed to https://github.com/cruz6739/GDriveSync-log
2026-10-01 09:25:24 [INFO] [GitHub] sync logs pushed to https://github.com/cruz6739/GDriveSync-log
2026-10-01 09:25:24 [INFO] ====== GDriveSync 結束 ======

2026-10-01 09:35:02 [INFO] ====== GDriveSync 啟動 ======
2026-10-01 09:35:02 [INFO] 資料庫初始化完成
2026-10-01 09:35:02 [INFO] file_cache is only supported with oauth2client<4.0.0
2026-10-01 09:35:02 [INFO] [NAS] 連線正常：\\192.168.120.31\RawDataAI\YP\YPjob
2026-10-01 09:35:02 [INFO] --- 開始增量同步 ---
2026-10-01 09:35:15 [INFO] --- 增量同步完成，pageToken 已更新 ---
2026-10-01 09:35:19 [INFO] [GitHub] sync logs pushed to https://github.com/cruz6739/GDriveSync-log
2026-10-01 09:35:23 [INFO] [GitHub] sync logs pushed to https://github.com/cruz6739/GDriveSync-log
2026-10-01 09:35:23 [INFO] ====== GDriveSync 結束 ======

2026-10-01 09:45:02 [INFO] ====== GDriveSync 啟動 ======
2026-10-01 09:45:02 [INFO] 資料庫初始化完成
2026-10-01 09:45:02 [INFO] file_cache is only supported with oauth2client<4.0.0
2026-10-01 09:45:02 [INFO] [NAS] 連線正常：\\192.168.120.31\RawDataAI\YP\YPjob
2026-10-01 09:45:02 [INFO] --- 開始增量同步 ---
2026-10-01 09:45:16 [INFO] --- 增量同步完成，pageToken 已更新 ---
2026-10-01 09:45:20 [INFO] [GitHub] sync logs pushed to https://github.com/cruz6739/GDriveSync-log
2026-10-01 09:45:23 [INFO] [GitHub] sync logs pushed to https://github.com/cruz6739/GDriveSync-log
2026-10-01 09:45:23 [INFO] ====== GDriveSync 結束 ======

2026-10-01 09:55:02 [INFO] ====== GDriveSync 啟動 ======
2026-10-01 09:55:02 [INFO] 資料庫初始化完成
2026-10-01 09:55:02 [INFO] file_cache is only supported with oauth2client<4.0.0
2026-10-01 09:55:02 [INFO] [NAS] 連線正常：\\192.168.120.31\RawDataAI\YP\YPjob
2026-10-01 09:55:02 [INFO] --- 開始增量同步 ---
2026-10-01 09:55:16 [INFO] --- 增量同步完成，pageToken 已更新 ---
2026-10-01 09:55:19 [INFO] [GitHub] sync logs pushed to https://github.com/cruz6739/GDriveSync-log
2026-10-01 09:55:24 [INFO] [GitHub] sync logs pushed to https://github.com/cruz6739/GDriveSync-log
2026-10-01 09:55:24 [INFO] ====== GDriveSync 結束 ======

2026-10-01 10:05:02 [INFO] ====== GDriveSync 啟動 ======
2026-10-01 10:05:02 [INFO] 資料庫初始化完成
2026-10-01 10:05:02 [INFO] Token refresh 成功
2026-10-01 10:05:02 [INFO] file_cache is only supported with oauth2client<4.0.0
2026-10-01 10:05:02 [INFO] [NAS] 連線正常：\\192.168.120.31\RawDataAI\YP\YPjob
2026-10-01 10:05:02 [INFO] --- 開始增量同步 ---
2026-10-01 10:05:15 [INFO] --- 增量同步完成，pageToken 已更新 ---
2026-10-01 10:05:19 [INFO] [GitHub] sync logs pushed to https://github.com/cruz6739/GDriveSync-log
2026-10-01 10:05:24 [INFO] [GitHub] sync logs pushed to https://github.com/cruz6739/GDriveSync-log
2026-10-01 10:05:24 [INFO] ====== GDriveSync 結束 ======

2026-10-01 10:15:02 [INFO] ====== GDriveSync 啟動 ======
2026-10-01 10:15:02 [INFO] 資料庫初始化完成
2026-10-01 10:15:02 [INFO] file_cache is only supported with oauth2client<4.0.0
2026-10-01 10:15:02 [INFO] [NAS] 連線正常：\\192.168.120.31\RawDataAI\YP\YPjob
2026-10-01 10:15:02 [INFO] --- 開始增量同步 ---
2026-10-01 10:15:16 [INFO] --- 增量同步完成，pageToken 已更新 ---
2026-10-01 10:15:19 [INFO] [GitHub] sync logs pushed to https://github.com/cruz6739/GDriveSync-log
2026-10-01 10:15:23 [INFO] [GitHub] sync logs pushed to https://github.com/cruz6739/GDriveSync-log
2026-10-01 10:15:23 [INFO] ====== GDriveSync 結束 ======

2026-10-01 10:25:02 [INFO] ====== GDriveSync 啟動 ======
2026-10-01 10:25:02 [INFO] 資料庫初始化完成
2026-10-01 10:25:02 [INFO] file_cache is only supported with oauth2client<4.0.0
2026-10-01 10:25:02 [INFO] [NAS] 連線正常：\\192.168.120.31\RawDataAI\YP\YPjob
2026-10-01 10:25:02 [INFO] --- 開始增量同步 ---
2026-10-01 10:25:16 [INFO] --- 增量同步完成，pageToken 已更新 ---
2026-10-01 10:25:20 [INFO] [GitHub] sync logs pushed to https://github.com/cruz6739/GDriveSync-log
2026-10-01 10:25:23 [INFO] [GitHub] sync logs pushed to https://github.com/cruz6739/GDriveSync-log
2026-10-01 10:25:23 [INFO] ====== GDriveSync 結束 ======

2026-10-01 10:35:02 [INFO] ====== GDriveSync 啟動 ======
2026-10-01 10:35:02 [INFO] 資料庫初始化完成
2026-10-01 10:35:02 [INFO] file_cache is only supported with oauth2client<4.0.0
2026-10-01 10:35:02 [INFO] [NAS] 連線正常：\\192.168.120.31\RawDataAI\YP\YPjob
2026-10-01 10:35:02 [INFO] --- 開始增量同步 ---
2026-10-01 10:35:17 [INFO] --- 增量同步完成，pageToken 已更新 ---
2026-10-01 10:35:21 [INFO] [GitHub] sync logs pushed to https://github.com/cruz6739/GDriveSync-log
2026-10-01 10:35:26 [INFO] [GitHub] sync logs pushed to https://github.com/cruz6739/GDriveSync-log
2026-10-01 10:35:26 [INFO] ====== GDriveSync 結束 ======

2026-10-01 10:45:02 [INFO] ====== GDriveSync 啟動 ======
2026-10-01 10:45:02 [INFO] 資料庫初始化完成
2026-10-01 10:45:02 [INFO] file_cache is only supported with oauth2client<4.0.0
2026-10-01 10:45:02 [INFO] [NAS] 連線正常：\\192.168.120.31\RawDataAI\YP\YPjob
2026-10-01 10:45:02 [INFO] --- 開始增量同步 ---
2026-10-01 10:45:16 [INFO] --- 增量同步完成，pageToken 已更新 ---
2026-10-01 10:45:21 [INFO] [GitHub] sync logs pushed to https://github.com/cruz6739/GDriveSync-log
2026-10-01 10:45:25 [INFO] [GitHub] sync logs pushed to https://github.com/cruz6739/GDriveSync-log
2026-10-01 10:45:25 [INFO] ====== GDriveSync 結束 ======

2026-10-01 10:55:02 [INFO] ====== GDriveSync 啟動 ======
2026-10-01 10:55:02 [INFO] 資料庫初始化完成
2026-10-01 10:55:02 [INFO] file_cache is only supported with oauth2client<4.0.0
2026-10-01 10:55:02 [INFO] [NAS] 連線正常：\\192.168.120.31\RawDataAI\YP\YPjob
2026-10-01 10:55:02 [INFO] --- 開始增量同步 ---
2026-10-01 10:55:16 [INFO] --- 增量同步完成，pageToken 已更新 ---
2026-10-01 10:55:19 [INFO] [GitHub] sync logs pushed to https://github.com/cruz6739/GDriveSync-log
2026-10-01 10:55:23 [INFO] [GitHub] sync logs pushed to https://github.com/cruz6739/GDriveSync-log
2026-10-01 10:55:23 [INFO] ====== GDriveSync 結束 ======

2026-10-01 11:05:02 [INFO] ====== GDriveSync 啟動 ======
2026-10-01 11:05:02 [INFO] 資料庫初始化完成
2026-10-01 11:05:02 [INFO] Token refresh 成功
2026-10-01 11:05:02 [INFO] file_cache is only supported with oauth2client<4.0.0
2026-10-01 11:05:02 [INFO] [NAS] 連線正常：\\192.168.120.31\RawDataAI\YP\YPjob
2026-10-01 11:05:02 [INFO] --- 開始增量同步 ---
2026-10-01 11:05:16 [INFO] --- 增量同步完成，pageToken 已更新 ---
2026-10-01 11:05:20 [INFO] [GitHub] sync logs pushed to https://github.com/cruz6739/GDriveSync-log
2026-10-01 11:05:24 [INFO] [GitHub] sync logs pushed to https://github.com/cruz6739/GDriveSync-log
2026-10-01 11:05:24 [INFO] ====== GDriveSync 結束 ======

2026-10-01 11:15:02 [INFO] ====== GDriveSync 啟動 ======
2026-10-01 11:15:02 [INFO] 資料庫初始化完成
2026-10-01 11:15:02 [INFO] file_cache is only supported with oauth2client<4.0.0
2026-10-01 11:15:02 [INFO] [NAS] 連線正常：\\192.168.120.31\RawDataAI\YP\YPjob
2026-10-01 11:15:02 [INFO] --- 開始增量同步 ---
2026-10-01 11:15:15 [INFO] --- 增量同步完成，pageToken 已更新 ---
2026-10-01 11:15:19 [INFO] [GitHub] sync logs pushed to https://github.com/cruz6739/GDriveSync-log
2026-10-01 11:15:23 [INFO] [GitHub] sync logs pushed to https://github.com/cruz6739/GDriveSync-log
2026-10-01 11:15:23 [INFO] ====== GDriveSync 結束 ======

2026-10-01 11:25:02 [INFO] ====== GDriveSync 啟動 ======
2026-10-01 11:25:02 [INFO] 資料庫初始化完成
2026-10-01 11:25:02 [INFO] file_cache is only supported with oauth2client<4.0.0
2026-10-01 11:25:02 [INFO] [NAS] 連線正常：\\192.168.120.31\RawDataAI\YP\YPjob
2026-10-01 11:25:02 [INFO] --- 開始增量同步 ---
2026-10-01 11:25:16 [INFO] --- 增量同步完成，pageToken 已更新 ---
2026-10-01 11:25:20 [INFO] [GitHub] sync logs pushed to https://github.com/cruz6739/GDriveSync-log
2026-10-01 11:25:24 [INFO] [GitHub] sync logs pushed to https://github.com/cruz6739/GDriveSync-log
2026-10-01 11:25:24 [INFO] ====== GDriveSync 結束 ======

2026-10-01 11:35:02 [INFO] ====== GDriveSync 啟動 ======
2026-10-01 11:35:02 [INFO] 資料庫初始化完成
2026-10-01 11:35:02 [INFO] file_cache is only supported with oauth2client<4.0.0
2026-10-01 11:35:02 [INFO] [NAS] 連線正常：\\192.168.120.31\RawDataAI\YP\YPjob
2026-10-01 11:35:02 [INFO] --- 開始增量同步 ---
2026-10-01 11:35:16 [INFO] --- 增量同步完成，pageToken 已更新 ---
2026-10-01 11:35:20 [INFO] [GitHub] sync logs pushed to https://github.com/cruz6739/GDriveSync-log
2026-10-01 11:35:23 [INFO] [GitHub] sync logs pushed to https://github.com/cruz6739/GDriveSync-log
2026-10-01 11:35:23 [INFO] ====== GDriveSync 結束 ======

2026-10-01 11:45:02 [INFO] ====== GDriveSync 啟動 ======
2026-10-01 11:45:02 [INFO] 資料庫初始化完成
2026-10-01 11:45:02 [INFO] file_cache is only supported with oauth2client<4.0.0
2026-10-01 11:45:02 [INFO] [NAS] 連線正常：\\192.168.120.31\RawDataAI\YP\YPjob
2026-10-01 11:45:02 [INFO] --- 開始增量同步 ---
2026-10-01 11:45:15 [INFO] --- 增量同步完成，pageToken 已更新 ---
2026-10-01 11:45:20 [INFO] [GitHub] sync logs pushed to https://github.com/cruz6739/GDriveSync-log
2026-10-01 11:45:23 [INFO] [GitHub] sync logs pushed to https://github.com/cruz6739/GDriveSync-log
2026-10-01 11:45:23 [INFO] ====== GDriveSync 結束 ======

2026-10-01 11:55:02 [INFO] ====== GDriveSync 啟動 ======
2026-10-01 11:55:02 [INFO] 資料庫初始化完成
2026-10-01 11:55:02 [INFO] file_cache is only supported with oauth2client<4.0.0
2026-10-01 11:55:02 [INFO] [NAS] 連線正常：\\192.168.120.31\RawDataAI\YP\YPjob
2026-10-01 11:55:02 [INFO] --- 開始增量同步 ---
2026-10-01 11:55:16 [INFO] --- 增量同步完成，pageToken 已更新 ---
2026-10-01 11:55:20 [INFO] [GitHub] sync logs pushed to https://github.com/cruz6739/GDriveSync-log
2026-10-01 11:55:23 [INFO] [GitHub] sync logs pushed to https://github.com/cruz6739/GDriveSync-log
2026-10-01 11:55:23 [INFO] ====== GDriveSync 結束 ======

2026-10-01 12:05:02 [INFO] ====== GDriveSync 啟動 ======
2026-10-01 12:05:02 [INFO] 資料庫初始化完成
2026-10-01 12:05:02 [INFO] Token refresh 成功
2026-10-01 12:05:02 [INFO] file_cache is only supported with oauth2client<4.0.0
2026-10-01 12:05:02 [INFO] [NAS] 連線正常：\\192.168.120.31\RawDataAI\YP\YPjob
2026-10-01 12:05:02 [INFO] --- 開始增量同步 ---
2026-10-01 12:05:20 [INFO] --- 增量同步完成，pageToken 已更新 ---
2026-10-01 12:05:24 [INFO] [GitHub] sync logs pushed to https://github.com/cruz6739/GDriveSync-log
2026-10-01 12:05:28 [INFO] [GitHub] sync logs pushed to https://github.com/cruz6739/GDriveSync-log
2026-10-01 12:05:28 [INFO] ====== GDriveSync 結束 ======

2026-10-01 12:15:02 [INFO] ====== GDriveSync 啟動 ======
2026-10-01 12:15:02 [INFO] 資料庫初始化完成
2026-10-01 12:15:02 [INFO] file_cache is only supported with oauth2client<4.0.0
2026-10-01 12:15:02 [INFO] [NAS] 連線正常：\\192.168.120.31\RawDataAI\YP\YPjob
2026-10-01 12:15:02 [INFO] --- 開始增量同步 ---
2026-10-01 12:15:18 [INFO] --- 增量同步完成，pageToken 已更新 ---
2026-10-01 12:15:22 [INFO] [GitHub] sync logs pushed to https://github.com/cruz6739/GDriveSync-log
2026-10-01 12:15:26 [INFO] [GitHub] sync logs pushed to https://github.com/cruz6739/GDriveSync-log
2026-10-01 12:15:26 [INFO] ====== GDriveSync 結束 ======

2026-10-01 12:25:02 [INFO] ====== GDriveSync 啟動 ======
2026-10-01 12:25:02 [INFO] 資料庫初始化完成
2026-10-01 12:25:02 [INFO] file_cache is only supported with oauth2client<4.0.0
2026-10-01 12:25:02 [INFO] [NAS] 連線正常：\\192.168.120.31\RawDataAI\YP\YPjob
2026-10-01 12:25:02 [INFO] --- 開始增量同步 ---
2026-10-01 12:25:19 [INFO] --- 增量同步完成，pageToken 已更新 ---
2026-10-01 12:25:23 [INFO] [GitHub] sync logs pushed to https://github.com/cruz6739/GDriveSync-log
2026-10-01 12:25:27 [INFO] [GitHub] sync logs pushed to https://github.com/cruz6739/GDriveSync-log
2026-10-01 12:25:27 [INFO] ====== GDriveSync 結束 ======

2026-10-01 12:35:02 [INFO] ====== GDriveSync 啟動 ======
2026-10-01 12:35:02 [INFO] 資料庫初始化完成
2026-10-01 12:35:02 [INFO] file_cache is only supported with oauth2client<4.0.0
2026-10-01 12:35:02 [INFO] [NAS] 連線正常：\\192.168.120.31\RawDataAI\YP\YPjob
2026-10-01 12:35:02 [INFO] --- 開始增量同步 ---
2026-10-01 12:35:19 [INFO] --- 增量同步完成，pageToken 已更新 ---
2026-10-01 12:35:23 [INFO] [GitHub] sync logs pushed to https://github.com/cruz6739/GDriveSync-log
2026-10-01 12:35:27 [INFO] [GitHub] sync logs pushed to https://github.com/cruz6739/GDriveSync-log
2026-10-01 12:35:27 [INFO] ====== GDriveSync 結束 ======

2026-10-01 12:45:02 [INFO] ====== GDriveSync 啟動 ======
2026-10-01 12:45:02 [INFO] 資料庫初始化完成
2026-10-01 12:45:02 [INFO] file_cache is only supported with oauth2client<4.0.0
2026-10-01 12:45:02 [INFO] [NAS] 連線正常：\\192.168.120.31\RawDataAI\YP\YPjob
2026-10-01 12:45:02 [INFO] --- 開始增量同步 ---
2026-10-01 12:45:20 [INFO] --- 增量同步完成，pageToken 已更新 ---
2026-10-01 12:45:25 [INFO] [GitHub] sync logs pushed to https://github.com/cruz6739/GDriveSync-log
2026-10-01 12:45:30 [INFO] [GitHub] sync logs pushed to https://github.com/cruz6739/GDriveSync-log
2026-10-01 12:45:30 [INFO] ====== GDriveSync 結束 ======

2026-10-01 12:55:02 [INFO] ====== GDriveSync 啟動 ======
2026-10-01 12:55:02 [INFO] 資料庫初始化完成
2026-10-01 12:55:02 [INFO] file_cache is only supported with oauth2client<4.0.0
2026-10-01 12:55:02 [INFO] [NAS] 連線正常：\\192.168.120.31\RawDataAI\YP\YPjob
2026-10-01 12:55:02 [INFO] --- 開始增量同步 ---
2026-10-01 12:55:20 [INFO] --- 增量同步完成，pageToken 已更新 ---
2026-10-01 12:55:24 [INFO] [GitHub] sync logs pushed to https://github.com/cruz6739/GDriveSync-log
2026-10-01 12:55:28 [INFO] [GitHub] sync logs pushed to https://github.com/cruz6739/GDriveSync-log
2026-10-01 12:55:28 [INFO] ====== GDriveSync 結束 ======

2026-10-01 13:05:02 [INFO] ====== GDriveSync 啟動 ======
2026-10-01 13:05:02 [INFO] 資料庫初始化完成
2026-10-01 13:05:02 [INFO] Token refresh 成功
2026-10-01 13:05:02 [INFO] file_cache is only supported with oauth2client<4.0.0
2026-10-01 13:05:02 [INFO] [NAS] 連線正常：\\192.168.120.31\RawDataAI\YP\YPjob
2026-10-01 13:05:02 [INFO] --- 開始增量同步 ---
2026-10-01 13:05:20 [INFO] --- 增量同步完成，pageToken 已更新 ---
2026-10-01 13:05:24 [INFO] [GitHub] sync logs pushed to https://github.com/cruz6739/GDriveSync-log
2026-10-01 13:05:29 [INFO] [GitHub] sync logs pushed to https://github.com/cruz6739/GDriveSync-log
2026-10-01 13:05:29 [INFO] ====== GDriveSync 結束 ======

2026-10-01 13:15:02 [INFO] ====== GDriveSync 啟動 ======
2026-10-01 13:15:02 [INFO] 資料庫初始化完成
2026-10-01 13:15:02 [INFO] file_cache is only supported with oauth2client<4.0.0
2026-10-01 13:15:02 [INFO] [NAS] 連線正常：\\192.168.120.31\RawDataAI\YP\YPjob
2026-10-01 13:15:02 [INFO] --- 開始增量同步 ---
2026-10-01 13:15:21 [INFO] --- 增量同步完成，pageToken 已更新 ---
2026-10-01 13:15:25 [INFO] [GitHub] sync logs pushed to https://github.com/cruz6739/GDriveSync-log
2026-10-01 13:15:29 [INFO] [GitHub] sync logs pushed to https://github.com/cruz6739/GDriveSync-log
2026-10-01 13:15:29 [INFO] ====== GDriveSync 結束 ======

2026-10-01 13:25:02 [INFO] ====== GDriveSync 啟動 ======
2026-10-01 13:25:02 [INFO] 資料庫初始化完成
2026-10-01 13:25:02 [INFO] file_cache is only supported with oauth2client<4.0.0
2026-10-01 13:25:02 [INFO] [NAS] 連線正常：\\192.168.120.31\RawDataAI\YP\YPjob
2026-10-01 13:25:02 [INFO] --- 開始增量同步 ---
2026-10-01 13:25:21 [INFO] --- 增量同步完成，pageToken 已更新 ---
2026-10-01 13:25:24 [INFO] [GitHub] sync logs pushed to https://github.com/cruz6739/GDriveSync-log
2026-10-01 13:25:28 [INFO] [GitHub] sync logs pushed to https://github.com/cruz6739/GDriveSync-log
2026-10-01 13:25:28 [INFO] ====== GDriveSync 結束 ======

2026-10-01 13:35:02 [INFO] ====== GDriveSync 啟動 ======
2026-10-01 13:35:02 [INFO] 資料庫初始化完成
2026-10-01 13:35:02 [INFO] file_cache is only supported with oauth2client<4.0.0
2026-10-01 13:35:02 [INFO] [NAS] 連線正常：\\192.168.120.31\RawDataAI\YP\YPjob
2026-10-01 13:35:02 [INFO] --- 開始增量同步 ---
2026-10-01 13:35:20 [INFO] --- 增量同步完成，pageToken 已更新 ---
2026-10-01 13:35:25 [INFO] [GitHub] sync logs pushed to https://github.com/cruz6739/GDriveSync-log
2026-10-01 13:35:28 [INFO] [GitHub] sync logs pushed to https://github.com/cruz6739/GDriveSync-log
2026-10-01 13:35:28 [INFO] ====== GDriveSync 結束 ======

2026-10-01 13:45:02 [INFO] ====== GDriveSync 啟動 ======
2026-10-01 13:45:02 [INFO] 資料庫初始化完成
2026-10-01 13:45:02 [INFO] file_cache is only supported with oauth2client<4.0.0
2026-10-01 13:45:02 [INFO] [NAS] 連線正常：\\192.168.120.31\RawDataAI\YP\YPjob
2026-10-01 13:45:02 [INFO] --- 開始增量同步 ---
2026-10-01 13:45:15 [INFO] --- 增量同步完成，pageToken 已更新 ---
2026-10-01 13:45:19 [INFO] [GitHub] sync logs pushed to https://github.com/cruz6739/GDriveSync-log
2026-10-01 13:45:23 [INFO] [GitHub] sync logs pushed to https://github.com/cruz6739/GDriveSync-log
2026-10-01 13:45:23 [INFO] ====== GDriveSync 結束 ======

2026-10-01 13:55:02 [INFO] ====== GDriveSync 啟動 ======
2026-10-01 13:55:02 [INFO] 資料庫初始化完成
2026-10-01 13:55:02 [INFO] file_cache is only supported with oauth2client<4.0.0
2026-10-01 13:55:02 [INFO] [NAS] 連線正常：\\192.168.120.31\RawDataAI\YP\YPjob
2026-10-01 13:55:02 [INFO] --- 開始增量同步 ---
2026-10-01 13:55:16 [INFO] --- 增量同步完成，pageToken 已更新 ---
2026-10-01 13:55:20 [INFO] [GitHub] sync logs pushed to https://github.com/cruz6739/GDriveSync-log
2026-10-01 13:55:24 [INFO] [GitHub] sync logs pushed to https://github.com/cruz6739/GDriveSync-log
2026-10-01 13:55:24 [INFO] ====== GDriveSync 結束 ======

2026-10-01 14:05:02 [INFO] ====== GDriveSync 啟動 ======
2026-10-01 14:05:02 [INFO] 資料庫初始化完成
2026-10-01 14:05:02 [INFO] Token refresh 成功
2026-10-01 14:05:02 [INFO] file_cache is only supported with oauth2client<4.0.0
2026-10-01 14:05:02 [INFO] [NAS] 連線正常：\\192.168.120.31\RawDataAI\YP\YPjob
2026-10-01 14:05:02 [INFO] --- 開始增量同步 ---
2026-10-01 14:05:15 [INFO] --- 增量同步完成，pageToken 已更新 ---
2026-10-01 14:05:19 [INFO] [GitHub] sync logs pushed to https://github.com/cruz6739/GDriveSync-log
2026-10-01 14:05:23 [INFO] [GitHub] sync logs pushed to https://github.com/cruz6739/GDriveSync-log
2026-10-01 14:05:23 [INFO] ====== GDriveSync 結束 ======

2026-10-01 14:15:02 [INFO] ====== GDriveSync 啟動 ======
2026-10-01 14:15:02 [INFO] 資料庫初始化完成
2026-10-01 14:15:02 [INFO] file_cache is only supported with oauth2client<4.0.0
2026-10-01 14:15:02 [INFO] [NAS] 連線正常：\\192.168.120.31\RawDataAI\YP\YPjob
2026-10-01 14:15:02 [INFO] --- 開始增量同步 ---
2026-10-01 14:15:16 [INFO] --- 增量同步完成，pageToken 已更新 ---
2026-10-01 14:15:20 [INFO] [GitHub] sync logs pushed to https://github.com/cruz6739/GDriveSync-log
2026-10-01 14:15:23 [INFO] [GitHub] sync logs pushed to https://github.com/cruz6739/GDriveSync-log
2026-10-01 14:15:23 [INFO] ====== GDriveSync 結束 ======

2026-10-01 14:25:02 [INFO] ====== GDriveSync 啟動 ======
2026-10-01 14:25:02 [INFO] 資料庫初始化完成
2026-10-01 14:25:02 [INFO] file_cache is only supported with oauth2client<4.0.0
2026-10-01 14:25:02 [INFO] [NAS] 連線正常：\\192.168.120.31\RawDataAI\YP\YPjob
2026-10-01 14:25:02 [INFO] --- 開始增量同步 ---
2026-10-01 14:25:15 [INFO] --- 增量同步完成，pageToken 已更新 ---
2026-10-01 14:25:19 [INFO] [GitHub] sync logs pushed to https://github.com/cruz6739/GDriveSync-log
2026-10-01 14:25:23 [INFO] [GitHub] sync logs pushed to https://github.com/cruz6739/GDriveSync-log
2026-10-01 14:25:23 [INFO] ====== GDriveSync 結束 ======

2026-10-01 14:35:02 [INFO] ====== GDriveSync 啟動 ======
2026-10-01 14:35:02 [INFO] 資料庫初始化完成
2026-10-01 14:35:02 [INFO] file_cache is only supported with oauth2client<4.0.0
2026-10-01 14:35:02 [INFO] [NAS] 連線正常：\\192.168.120.31\RawDataAI\YP\YPjob
2026-10-01 14:35:02 [INFO] --- 開始增量同步 ---
2026-10-01 14:35:16 [INFO] --- 增量同步完成，pageToken 已更新 ---
2026-10-01 14:35:20 [INFO] [GitHub] sync logs pushed to https://github.com/cruz6739/GDriveSync-log
2026-10-01 14:35:23 [INFO] [GitHub] sync logs pushed to https://github.com/cruz6739/GDriveSync-log
2026-10-01 14:35:23 [INFO] ====== GDriveSync 結束 ======

2026-10-01 14:45:02 [INFO] ====== GDriveSync 啟動 ======
2026-10-01 14:45:02 [INFO] 資料庫初始化完成
2026-10-01 14:45:02 [INFO] file_cache is only supported with oauth2client<4.0.0
2026-10-01 14:45:02 [INFO] [NAS] 連線正常：\\192.168.120.31\RawDataAI\YP\YPjob
2026-10-01 14:45:02 [INFO] --- 開始增量同步 ---
2026-10-01 14:45:16 [INFO] --- 增量同步完成，pageToken 已更新 ---
2026-10-01 14:45:20 [INFO] [GitHub] sync logs pushed to https://github.com/cruz6739/GDriveSync-log
2026-10-01 14:45:23 [INFO] [GitHub] sync logs pushed to https://github.com/cruz6739/GDriveSync-log
2026-10-01 14:45:23 [INFO] ====== GDriveSync 結束 ======

2026-10-01 14:55:02 [INFO] ====== GDriveSync 啟動 ======
2026-10-01 14:55:02 [INFO] 資料庫初始化完成
2026-10-01 14:55:02 [INFO] file_cache is only supported with oauth2client<4.0.0
2026-10-01 14:55:02 [INFO] [NAS] 連線正常：\\192.168.120.31\RawDataAI\YP\YPjob
2026-10-01 14:55:02 [INFO] --- 開始增量同步 ---
2026-10-01 14:55:16 [INFO] --- 增量同步完成，pageToken 已更新 ---
2026-10-01 14:55:20 [INFO] [GitHub] sync logs pushed to https://github.com/cruz6739/GDriveSync-log
2026-10-01 14:55:25 [INFO] [GitHub] sync logs pushed to https://github.com/cruz6739/GDriveSync-log
2026-10-01 14:55:25 [INFO] ====== GDriveSync 結束 ======

2026-10-01 15:05:02 [INFO] ====== GDriveSync 啟動 ======
2026-10-01 15:05:02 [INFO] 資料庫初始化完成
2026-10-01 15:05:03 [INFO] Token refresh 成功
2026-10-01 15:05:03 [INFO] file_cache is only supported with oauth2client<4.0.0
2026-10-01 15:05:03 [INFO] [NAS] 連線正常：\\192.168.120.31\RawDataAI\YP\YPjob
2026-10-01 15:05:03 [INFO] --- 開始增量同步 ---
2026-10-01 15:05:16 [INFO] --- 增量同步完成，pageToken 已更新 ---
2026-10-01 15:05:20 [INFO] [GitHub] sync logs pushed to https://github.com/cruz6739/GDriveSync-log
2026-10-01 15:05:23 [INFO] [GitHub] sync logs pushed to https://github.com/cruz6739/GDriveSync-log
2026-10-01 15:05:23 [INFO] ====== GDriveSync 結束 ======

2026-10-01 15:15:02 [INFO] ====== GDriveSync 啟動 ======
2026-10-01 15:15:02 [INFO] 資料庫初始化完成
2026-10-01 15:15:02 [INFO] file_cache is only supported with oauth2client<4.0.0
2026-10-01 15:15:02 [INFO] [NAS] 連線正常：\\192.168.120.31\RawDataAI\YP\YPjob
2026-10-01 15:15:02 [INFO] --- 開始增量同步 ---
2026-10-01 15:15:15 [INFO] --- 增量同步完成，pageToken 已更新 ---
2026-10-01 15:15:20 [INFO] [GitHub] sync logs pushed to https://github.com/cruz6739/GDriveSync-log
2026-10-01 15:15:24 [INFO] [GitHub] sync logs pushed to https://github.com/cruz6739/GDriveSync-log
2026-10-01 15:15:24 [INFO] ====== GDriveSync 結束 ======

2026-10-01 15:25:02 [INFO] ====== GDriveSync 啟動 ======
2026-10-01 15:25:02 [INFO] 資料庫初始化完成
2026-10-01 15:25:02 [INFO] file_cache is only supported with oauth2client<4.0.0
2026-10-01 15:25:02 [INFO] [NAS] 連線正常：\\192.168.120.31\RawDataAI\YP\YPjob
2026-10-01 15:25:02 [INFO] --- 開始增量同步 ---
2026-10-01 15:25:16 [INFO] --- 增量同步完成，pageToken 已更新 ---
2026-10-01 15:25:20 [INFO] [GitHub] sync logs pushed to https://github.com/cruz6739/GDriveSync-log
2026-10-01 15:25:24 [INFO] [GitHub] sync logs pushed to https://github.com/cruz6739/GDriveSync-log
2026-10-01 15:25:24 [INFO] ====== GDriveSync 結束 ======

2026-10-01 15:35:02 [INFO] ====== GDriveSync 啟動 ======
2026-10-01 15:35:02 [INFO] 資料庫初始化完成
2026-10-01 15:35:02 [INFO] file_cache is only supported with oauth2client<4.0.0
2026-10-01 15:35:02 [INFO] [NAS] 連線正常：\\192.168.120.31\RawDataAI\YP\YPjob
2026-10-01 15:35:02 [INFO] --- 開始增量同步 ---
2026-10-01 15:35:16 [INFO] --- 增量同步完成，pageToken 已更新 ---
2026-10-01 15:35:19 [INFO] [GitHub] sync logs pushed to https://github.com/cruz6739/GDriveSync-log
2026-10-01 15:35:23 [INFO] [GitHub] sync logs pushed to https://github.com/cruz6739/GDriveSync-log
2026-10-01 15:35:23 [INFO] ====== GDriveSync 結束 ======

2026-10-01 15:45:02 [INFO] ====== GDriveSync 啟動 ======
2026-10-01 15:45:02 [INFO] 資料庫初始化完成
2026-10-01 15:45:02 [INFO] file_cache is only supported with oauth2client<4.0.0
2026-10-01 15:45:02 [INFO] [NAS] 連線正常：\\192.168.120.31\RawDataAI\YP\YPjob
2026-10-01 15:45:02 [INFO] --- 開始增量同步 ---
2026-10-01 15:45:16 [INFO] --- 增量同步完成，pageToken 已更新 ---
2026-10-01 15:45:20 [INFO] [GitHub] sync logs pushed to https://github.com/cruz6739/GDriveSync-log
2026-10-01 15:45:24 [INFO] [GitHub] sync logs pushed to https://github.com/cruz6739/GDriveSync-log
2026-10-01 15:45:24 [INFO] ====== GDriveSync 結束 ======

2026-10-01 15:55:02 [INFO] ====== GDriveSync 啟動 ======
2026-10-01 15:55:02 [INFO] 資料庫初始化完成
2026-10-01 15:55:02 [INFO] file_cache is only supported with oauth2client<4.0.0
2026-10-01 15:55:02 [INFO] [NAS] 連線正常：\\192.168.120.31\RawDataAI\YP\YPjob
2026-10-01 15:55:02 [INFO] --- 開始增量同步 ---
2026-10-01 15:55:15 [INFO] --- 增量同步完成，pageToken 已更新 ---
2026-10-01 15:55:19 [INFO] [GitHub] sync logs pushed to https://github.com/cruz6739/GDriveSync-log
2026-10-01 15:55:23 [INFO] [GitHub] sync logs pushed to https://github.com/cruz6739/GDriveSync-log
2026-10-01 15:55:23 [INFO] ====== GDriveSync 結束 ======

2026-10-01 16:05:02 [INFO] ====== GDriveSync 啟動 ======
2026-10-01 16:05:02 [INFO] 資料庫初始化完成
2026-10-01 16:05:03 [INFO] Token refresh 成功
2026-10-01 16:05:03 [INFO] file_cache is only supported with oauth2client<4.0.0
2026-10-01 16:05:03 [INFO] [NAS] 連線正常：\\192.168.120.31\RawDataAI\YP\YPjob
2026-10-01 16:05:03 [INFO] --- 開始增量同步 ---
2026-10-01 16:05:16 [INFO] --- 增量同步完成，pageToken 已更新 ---
2026-10-01 16:05:21 [INFO] [GitHub] sync logs pushed to https://github.com/cruz6739/GDriveSync-log
2026-10-01 16:05:24 [INFO] [GitHub] sync logs pushed to https://github.com/cruz6739/GDriveSync-log
2026-10-01 16:05:24 [INFO] ====== GDriveSync 結束 ======

2026-10-01 16:15:02 [INFO] ====== GDriveSync 啟動 ======
2026-10-01 16:15:02 [INFO] 資料庫初始化完成
2026-10-01 16:15:02 [INFO] file_cache is only supported with oauth2client<4.0.0
2026-10-01 16:15:02 [INFO] [NAS] 連線正常：\\192.168.120.31\RawDataAI\YP\YPjob
2026-10-01 16:15:02 [INFO] --- 開始增量同步 ---
2026-10-01 16:15:15 [INFO] --- 增量同步完成，pageToken 已更新 ---
2026-10-01 16:15:20 [INFO] [GitHub] sync logs pushed to https://github.com/cruz6739/GDriveSync-log
2026-10-01 16:15:24 [INFO] [GitHub] sync logs pushed to https://github.com/cruz6739/GDriveSync-log
2026-10-01 16:15:24 [INFO] ====== GDriveSync 結束 ======

2026-10-01 16:25:02 [INFO] ====== GDriveSync 啟動 ======
2026-10-01 16:25:02 [INFO] 資料庫初始化完成
2026-10-01 16:25:02 [INFO] file_cache is only supported with oauth2client<4.0.0
2026-10-01 16:25:02 [INFO] [NAS] 連線正常：\\192.168.120.31\RawDataAI\YP\YPjob
2026-10-01 16:25:02 [INFO] --- 開始增量同步 ---
2026-10-01 16:25:16 [INFO] --- 增量同步完成，pageToken 已更新 ---
2026-10-01 16:25:21 [INFO] [GitHub] sync logs pushed to https://github.com/cruz6739/GDriveSync-log
2026-10-01 16:25:26 [INFO] [GitHub] sync logs pushed to https://github.com/cruz6739/GDriveSync-log
2026-10-01 16:25:26 [INFO] ====== GDriveSync 結束 ======

2026-10-01 16:35:02 [INFO] ====== GDriveSync 啟動 ======
2026-10-01 16:35:02 [INFO] 資料庫初始化完成
2026-10-01 16:35:02 [INFO] file_cache is only supported with oauth2client<4.0.0
2026-10-01 16:35:02 [INFO] [NAS] 連線正常：\\192.168.120.31\RawDataAI\YP\YPjob
2026-10-01 16:35:02 [INFO] --- 開始增量同步 ---
2026-10-01 16:35:16 [INFO] --- 增量同步完成，pageToken 已更新 ---
2026-10-01 16:35:20 [INFO] [GitHub] sync logs pushed to https://github.com/cruz6739/GDriveSync-log
2026-10-01 16:35:24 [INFO] [GitHub] sync logs pushed to https://github.com/cruz6739/GDriveSync-log
2026-10-01 16:35:24 [INFO] ====== GDriveSync 結束 ======

2026-10-01 16:45:02 [INFO] ====== GDriveSync 啟動 ======
2026-10-01 16:45:02 [INFO] 資料庫初始化完成
2026-10-01 16:45:02 [INFO] file_cache is only supported with oauth2client<4.0.0
2026-10-01 16:45:02 [INFO] [NAS] 連線正常：\\192.168.120.31\RawDataAI\YP\YPjob
2026-10-01 16:45:02 [INFO] --- 開始增量同步 ---
2026-10-01 16:45:16 [INFO] --- 增量同步完成，pageToken 已更新 ---
2026-10-01 16:45:21 [INFO] [GitHub] sync logs pushed to https://github.com/cruz6739/GDriveSync-log
2026-10-01 16:45:25 [INFO] [GitHub] sync logs pushed to https://github.com/cruz6739/GDriveSync-log
2026-10-01 16:45:25 [INFO] ====== GDriveSync 結束 ======

2026-10-01 16:55:02 [INFO] ====== GDriveSync 啟動 ======
2026-10-01 16:55:02 [INFO] 資料庫初始化完成
2026-10-01 16:55:02 [INFO] file_cache is only supported with oauth2client<4.0.0
2026-10-01 16:55:02 [INFO] [NAS] 連線正常：\\192.168.120.31\RawDataAI\YP\YPjob
2026-10-01 16:55:02 [INFO] --- 開始增量同步 ---
2026-10-01 16:55:17 [INFO] --- 增量同步完成，pageToken 已更新 ---
2026-10-01 16:55:21 [INFO] [GitHub] sync logs pushed to https://github.com/cruz6739/GDriveSync-log
2026-10-01 16:55:25 [INFO] [GitHub] sync logs pushed to https://github.com/cruz6739/GDriveSync-log
2026-10-01 16:55:25 [INFO] ====== GDriveSync 結束 ======

2026-10-01 17:05:02 [INFO] ====== GDriveSync 啟動 ======
2026-10-01 17:05:02 [INFO] 資料庫初始化完成
2026-10-01 17:05:03 [INFO] Token refresh 成功
2026-10-01 17:05:03 [INFO] file_cache is only supported with oauth2client<4.0.0
2026-10-01 17:05:03 [INFO] [NAS] 連線正常：\\192.168.120.31\RawDataAI\YP\YPjob
2026-10-01 17:05:03 [INFO] --- 開始增量同步 ---
2026-10-01 17:05:17 [INFO] --- 增量同步完成，pageToken 已更新 ---
2026-10-01 17:05:21 [INFO] [GitHub] sync logs pushed to https://github.com/cruz6739/GDriveSync-log
2026-10-01 17:05:30 [WARNING] [GitHub] git push failed, refreshing remote before retry 1/1: To https://github.com/cruz6739/GDriveSync-log
 ! [remote rejected]     main -> main (failed)
error: failed to push some refs to 'https://github.com/cruz6739/GDriveSync-log'
2026-10-01 17:05:34 [INFO] [GitHub] sync logs pushed to https://github.com/cruz6739/GDriveSync-log
2026-10-01 17:05:34 [INFO] ====== GDriveSync 結束 ======

2026-10-01 17:15:02 [INFO] ====== GDriveSync 啟動 ======
2026-10-01 17:15:02 [INFO] 資料庫初始化完成
2026-10-01 17:15:02 [INFO] file_cache is only supported with oauth2client<4.0.0
2026-10-01 17:15:02 [INFO] [NAS] 連線正常：\\192.168.120.31\RawDataAI\YP\YPjob
2026-10-01 17:15:02 [INFO] --- 開始增量同步 ---
2026-10-01 17:15:16 [INFO] --- 增量同步完成，pageToken 已更新 ---
2026-10-01 17:15:20 [INFO] [GitHub] sync logs pushed to https://github.com/cruz6739/GDriveSync-log
2026-10-01 17:15:23 [INFO] [GitHub] sync logs pushed to https://github.com/cruz6739/GDriveSync-log
2026-10-01 17:15:23 [INFO] ====== GDriveSync 結束 ======

2026-10-01 17:25:02 [INFO] ====== GDriveSync 啟動 ======
2026-10-01 17:25:02 [INFO] 資料庫初始化完成
2026-10-01 17:25:02 [INFO] file_cache is only supported with oauth2client<4.0.0
2026-10-01 17:25:02 [INFO] [NAS] 連線正常：\\192.168.120.31\RawDataAI\YP\YPjob
2026-10-01 17:25:02 [INFO] --- 開始增量同步 ---
2026-10-01 17:25:15 [INFO] --- 增量同步完成，pageToken 已更新 ---
2026-10-01 17:25:20 [INFO] [GitHub] sync logs pushed to https://github.com/cruz6739/GDriveSync-log
2026-10-01 17:25:23 [INFO] [GitHub] sync logs pushed to https://github.com/cruz6739/GDriveSync-log
2026-10-01 17:25:23 [INFO] ====== GDriveSync 結束 ======

2026-10-01 17:35:02 [INFO] ====== GDriveSync 啟動 ======
2026-10-01 17:35:02 [INFO] 資料庫初始化完成
2026-10-01 17:35:02 [INFO] file_cache is only supported with oauth2client<4.0.0
2026-10-01 17:35:02 [INFO] [NAS] 連線正常：\\192.168.120.31\RawDataAI\YP\YPjob
2026-10-01 17:35:02 [INFO] --- 開始增量同步 ---
2026-10-01 17:35:17 [INFO] --- 增量同步完成，pageToken 已更新 ---
2026-10-01 17:35:20 [INFO] [GitHub] sync logs pushed to https://github.com/cruz6739/GDriveSync-log
2026-10-01 17:35:24 [INFO] [GitHub] sync logs pushed to https://github.com/cruz6739/GDriveSync-log
2026-10-01 17:35:24 [INFO] ====== GDriveSync 結束 ======

2026-10-01 17:45:02 [INFO] ====== GDriveSync 啟動 ======
2026-10-01 17:45:02 [INFO] 資料庫初始化完成
2026-10-01 17:45:02 [INFO] file_cache is only supported with oauth2client<4.0.0
2026-10-01 17:45:02 [INFO] [NAS] 連線正常：\\192.168.120.31\RawDataAI\YP\YPjob
2026-10-01 17:45:02 [INFO] --- 開始增量同步 ---
2026-10-01 17:45:16 [INFO] --- 增量同步完成，pageToken 已更新 ---
2026-10-01 17:45:20 [INFO] [GitHub] sync logs pushed to https://github.com/cruz6739/GDriveSync-log
2026-10-01 17:45:24 [INFO] [GitHub] sync logs pushed to https://github.com/cruz6739/GDriveSync-log
2026-10-01 17:45:24 [INFO] ====== GDriveSync 結束 ======

2026-10-01 17:55:02 [INFO] ====== GDriveSync 啟動 ======
2026-10-01 17:55:02 [INFO] 資料庫初始化完成
2026-10-01 17:55:02 [INFO] file_cache is only supported with oauth2client<4.0.0
2026-10-01 17:55:02 [INFO] [NAS] 連線正常：\\192.168.120.31\RawDataAI\YP\YPjob
2026-10-01 17:55:02 [INFO] --- 開始增量同步 ---
2026-10-01 17:55:16 [INFO] --- 增量同步完成，pageToken 已更新 ---
2026-10-01 17:55:20 [INFO] [GitHub] sync logs pushed to https://github.com/cruz6739/GDriveSync-log
2026-10-01 17:55:24 [INFO] [GitHub] sync logs pushed to https://github.com/cruz6739/GDriveSync-log
2026-10-01 17:55:24 [INFO] ====== GDriveSync 結束 ======

2026-10-01 18:05:02 [INFO] ====== GDriveSync 啟動 ======
2026-10-01 18:05:02 [INFO] 資料庫初始化完成
2026-10-01 18:05:03 [INFO] Token refresh 成功
2026-10-01 18:05:03 [INFO] file_cache is only supported with oauth2client<4.0.0
2026-10-01 18:05:03 [INFO] [NAS] 連線正常：\\192.168.120.31\RawDataAI\YP\YPjob
2026-10-01 18:05:03 [INFO] --- 開始增量同步 ---
2026-10-01 18:05:16 [INFO] --- 增量同步完成，pageToken 已更新 ---
2026-10-01 18:05:20 [INFO] [GitHub] sync logs pushed to https://github.com/cruz6739/GDriveSync-log
2026-10-01 18:05:24 [INFO] [GitHub] sync logs pushed to https://github.com/cruz6739/GDriveSync-log
2026-10-01 18:05:24 [INFO] ====== GDriveSync 結束 ======

2026-10-01 18:15:02 [INFO] ====== GDriveSync 啟動 ======
2026-10-01 18:15:02 [INFO] 資料庫初始化完成
2026-10-01 18:15:02 [INFO] file_cache is only supported with oauth2client<4.0.0
2026-10-01 18:15:02 [INFO] [NAS] 連線正常：\\192.168.120.31\RawDataAI\YP\YPjob
2026-10-01 18:15:02 [INFO] --- 開始增量同步 ---
2026-10-01 18:15:16 [INFO] --- 增量同步完成，pageToken 已更新 ---
2026-10-01 18:15:20 [INFO] [GitHub] sync logs pushed to https://github.com/cruz6739/GDriveSync-log
2026-10-01 18:15:24 [INFO] [GitHub] sync logs pushed to https://github.com/cruz6739/GDriveSync-log
2026-10-01 18:15:24 [INFO] ====== GDriveSync 結束 ======

2026-10-01 18:25:02 [INFO] ====== GDriveSync 啟動 ======
2026-10-01 18:25:02 [INFO] 資料庫初始化完成
2026-10-01 18:25:02 [INFO] file_cache is only supported with oauth2client<4.0.0
2026-10-01 18:25:03 [INFO] [NAS] 連線正常：\\192.168.120.31\RawDataAI\YP\YPjob
2026-10-01 18:25:03 [INFO] --- 開始增量同步 ---
2026-10-01 18:25:17 [INFO] --- 增量同步完成，pageToken 已更新 ---
2026-10-01 18:25:21 [INFO] [GitHub] sync logs pushed to https://github.com/cruz6739/GDriveSync-log
